Archive member included to satisfy reference by file (symbol)

d:/progra~3/stm32c~1/gcc-ar~1/bin/../lib/gcc/arm-none-eabi/10.3.1/thumb/v7e-m+fp/hard\libgcc.a(_aeabi_uldivmod.o)
                              CMakeFiles/FirstProject.elf.dir/Drivers/STM32F4xx_HAL_Driver/Src/stm32f4xx_hal_rcc.c.obj (__aeabi_uldivmod)
d:/progra~3/stm32c~1/gcc-ar~1/bin/../lib/gcc/arm-none-eabi/10.3.1/thumb/v7e-m+fp/hard\libgcc.a(_udivmoddi4.o)
                              d:/progra~3/stm32c~1/gcc-ar~1/bin/../lib/gcc/arm-none-eabi/10.3.1/thumb/v7e-m+fp/hard\libgcc.a(_aeabi_uldivmod.o) (__udivmoddi4)
d:/progra~3/stm32c~1/gcc-ar~1/bin/../lib/gcc/arm-none-eabi/10.3.1/thumb/v7e-m+fp/hard\libgcc.a(_dvmd_tls.o)
                              d:/progra~3/stm32c~1/gcc-ar~1/bin/../lib/gcc/arm-none-eabi/10.3.1/thumb/v7e-m+fp/hard\libgcc.a(_aeabi_uldivmod.o) (__aeabi_ldiv0)
d:/progra~3/stm32c~1/gcc-ar~1/bin/../lib/gcc/arm-none-eabi/10.3.1/../../../../arm-none-eabi/lib/thumb/v7e-m+fp/hard\libg.a(lib_a-errno.o)
                              CMakeFiles/FirstProject.elf.dir/Core/Src/syscalls.c.obj (__errno)
d:/progra~3/stm32c~1/gcc-ar~1/bin/../lib/gcc/arm-none-eabi/10.3.1/../../../../arm-none-eabi/lib/thumb/v7e-m+fp/hard\libg.a(lib_a-exit.o)
                              d:/progra~3/stm32c~1/gcc-ar~1/bin/../lib/gcc/arm-none-eabi/10.3.1/../../../../arm-none-eabi/lib/thumb/v7e-m+fp/hard/crt0.o (exit)
d:/progra~3/stm32c~1/gcc-ar~1/bin/../lib/gcc/arm-none-eabi/10.3.1/../../../../arm-none-eabi/lib/thumb/v7e-m+fp/hard\libg.a(lib_a-impure.o)
                              d:/progra~3/stm32c~1/gcc-ar~1/bin/../lib/gcc/arm-none-eabi/10.3.1/../../../../arm-none-eabi/lib/thumb/v7e-m+fp/hard\libg.a(lib_a-exit.o) (_global_impure_ptr)
d:/progra~3/stm32c~1/gcc-ar~1/bin/../lib/gcc/arm-none-eabi/10.3.1/../../../../arm-none-eabi/lib/thumb/v7e-m+fp/hard\libg.a(lib_a-init.o)
                              d:/progra~3/stm32c~1/gcc-ar~1/bin/../lib/gcc/arm-none-eabi/10.3.1/../../../../arm-none-eabi/lib/thumb/v7e-m+fp/hard/crt0.o (__libc_init_array)
d:/progra~3/stm32c~1/gcc-ar~1/bin/../lib/gcc/arm-none-eabi/10.3.1/../../../../arm-none-eabi/lib/thumb/v7e-m+fp/hard\libg.a(lib_a-memcpy.o)
                              CMakeFiles/FirstProject.elf.dir/BSP/bsp_buzzer.c.obj (memcpy)
d:/progra~3/stm32c~1/gcc-ar~1/bin/../lib/gcc/arm-none-eabi/10.3.1/../../../../arm-none-eabi/lib/thumb/v7e-m+fp/hard\libg.a(lib_a-memset.o)
                              d:/progra~3/stm32c~1/gcc-ar~1/bin/../lib/gcc/arm-none-eabi/10.3.1/../../../../arm-none-eabi/lib/thumb/v7e-m+fp/hard/crt0.o (memset)
d:/progra~3/stm32c~1/gcc-ar~1/bin/../lib/gcc/arm-none-eabi/10.3.1/../../../../arm-none-eabi/lib/thumb/v7e-m+fp/hard\libg.a(lib_a-vsprintf.o)
                              CMakeFiles/FirstProject.elf.dir/BSP/bsp_oled.c.obj (vsprintf)
d:/progra~3/stm32c~1/gcc-ar~1/bin/../lib/gcc/arm-none-eabi/10.3.1/../../../../arm-none-eabi/lib/thumb/v7e-m+fp/hard\libg.a(lib_a-__call_atexit.o)
                              d:/progra~3/stm32c~1/gcc-ar~1/bin/../lib/gcc/arm-none-eabi/10.3.1/../../../../arm-none-eabi/lib/thumb/v7e-m+fp/hard\libg.a(lib_a-exit.o) (__call_exitprocs)
d:/progra~3/stm32c~1/gcc-ar~1/bin/../lib/gcc/arm-none-eabi/10.3.1/../../../../arm-none-eabi/lib/thumb/v7e-m+fp/hard\libg.a(lib_a-atexit.o)
                              d:/progra~3/stm32c~1/gcc-ar~1/bin/../lib/gcc/arm-none-eabi/10.3.1/../../../../arm-none-eabi/lib/thumb/v7e-m+fp/hard\libg.a(lib_a-__call_atexit.o) (atexit)
d:/progra~3/stm32c~1/gcc-ar~1/bin/../lib/gcc/arm-none-eabi/10.3.1/../../../../arm-none-eabi/lib/thumb/v7e-m+fp/hard\libg.a(lib_a-fini.o)
                              d:/progra~3/stm32c~1/gcc-ar~1/bin/../lib/gcc/arm-none-eabi/10.3.1/../../../../arm-none-eabi/lib/thumb/v7e-m+fp/hard\libg.a(lib_a-__call_atexit.o) (__libc_fini_array)
d:/progra~3/stm32c~1/gcc-ar~1/bin/../lib/gcc/arm-none-eabi/10.3.1/../../../../arm-none-eabi/lib/thumb/v7e-m+fp/hard\libg.a(lib_a-lock.o)
                              d:/progra~3/stm32c~1/gcc-ar~1/bin/../lib/gcc/arm-none-eabi/10.3.1/../../../../arm-none-eabi/lib/thumb/v7e-m+fp/hard\libg.a(lib_a-__call_atexit.o) (__retarget_lock_acquire_recursive)
d:/progra~3/stm32c~1/gcc-ar~1/bin/../lib/gcc/arm-none-eabi/10.3.1/../../../../arm-none-eabi/lib/thumb/v7e-m+fp/hard\libg.a(lib_a-svfprintf.o)
                              d:/progra~3/stm32c~1/gcc-ar~1/bin/../lib/gcc/arm-none-eabi/10.3.1/../../../../arm-none-eabi/lib/thumb/v7e-m+fp/hard\libg.a(lib_a-vsprintf.o) (_svfprintf_r)
d:/progra~3/stm32c~1/gcc-ar~1/bin/../lib/gcc/arm-none-eabi/10.3.1/../../../../arm-none-eabi/lib/thumb/v7e-m+fp/hard\libg.a(lib_a-__atexit.o)
                              d:/progra~3/stm32c~1/gcc-ar~1/bin/../lib/gcc/arm-none-eabi/10.3.1/../../../../arm-none-eabi/lib/thumb/v7e-m+fp/hard\libg.a(lib_a-atexit.o) (__register_exitproc)
d:/progra~3/stm32c~1/gcc-ar~1/bin/../lib/gcc/arm-none-eabi/10.3.1/../../../../arm-none-eabi/lib/thumb/v7e-m+fp/hard\libg.a(lib_a-dtoa.o)
[...]
Memory Configuration

Name             Origin             Length             Attributes
RAM              0x20000000         0x00030000         xrw
CCMRAM           0x10000000         0x00010000         xrw
FLASH            0x08000000         0x00200000         xr
*default*        0x00000000         0xffffffff

Linker script and memory map

LOAD d:/progra~3/stm32c~1/gcc-ar~1/bin/../lib/gcc/arm-none-eabi/10.3.1/thumb/v7e-m+fp/hard/crti.o
LOAD d:/progra~3/stm32c~1/gcc-ar~1/bin/../lib/gcc/arm-none-eabi/10.3.1/thumb/v7e-m+fp/hard/crtbegin.o
LOAD d:/progra~3/stm32c~1/gcc-ar~1/bin/../lib/gcc/arm-none-eabi/10.3.1/../../../../arm-none-eabi/lib/thumb/v7e-m+fp/hard/crt0.o
LOAD CMakeFiles/FirstProject.elf.dir/BSP/DJI_Motor_Ctrl.c.obj
LOAD CMakeFiles/FirstProject.elf.dir/BSP/bsp_buzzer.c.obj
LOAD CMakeFiles/FirstProject.elf.dir/BSP/bsp_can.c.obj
LOAD CMakeFiles/FirstProject.elf.dir/BSP/bsp_led.c.obj
LOAD CMakeFiles/FirstProject.elf.dir/BSP/bsp_oled.c.obj
LOAD CMakeFiles/FirstProject.elf.dir/BSP/bsp_servo.c.obj
LOAD CMakeFiles/FirstProject.elf.dir/BSP/bsp_usart.c.obj
LOAD CMakeFiles/FirstProject.elf.dir/BSP/hdc_driver.c.obj
LOAD CMakeFiles/FirstProject.elf.dir/Core/Src/adc.c.obj
LOAD CMakeFiles/FirstProject.elf.dir/Core/Src/can.c.obj
LOAD CMakeFiles/FirstProject.elf.dir/Core/Src/dma.c.obj
LOAD CMakeFiles/FirstProject.elf.dir/Core/Src/freertos.c.obj
LOAD CMakeFiles/FirstProject.elf.dir/Core/Src/gpio.c.obj
LOAD CMakeFiles/FirstProject.elf.dir/Core/Src/main.c.obj
LOAD CMakeFiles/FirstProject.elf.dir/Core/Src/spi.c.obj
LOAD CMakeFiles/FirstProject.elf.dir/Core/Src/stm32f4xx_hal_msp.c.obj
LOAD CMakeFiles/FirstProject.elf.dir/Core/Src/stm32f4xx_hal_timebase_tim.c.obj
LOAD CMakeFiles/FirstProject.elf.dir/Core/Src/stm32f4xx_it.c.obj
LOAD CMakeFiles/FirstProject.elf.dir/Core/Src/syscalls.c.obj
LOAD CMakeFiles/FirstProject.elf.dir/Core/Src/system_stm32f4xx.c.obj
LOAD CMakeFiles/FirstProject.elf.dir/Core/Src/tim.c.obj
LOAD CMakeFiles/FirstProject.elf.dir/Core/Src/usart.c.obj
LOAD CMakeFiles/FirstProject.elf.dir/Drivers/STM32F4xx_HAL_Driver/Src/stm32f4xx_hal.c.obj
LOAD CMakeFiles/FirstProject.elf.dir/Drivers/STM32F4xx_HAL_Driver/Src/stm32f4xx_hal_adc.c.obj
LOAD CMakeFiles/FirstProject.elf.dir/Drivers/STM32F4xx_HAL_Driver/Src/stm32f4xx_hal_adc_ex.c.obj
LOAD CMakeFiles/FirstProject.elf.dir/Drivers/STM32F4xx_HAL_Driver/Src/stm32f4xx_hal_can.c.obj
LOAD CMakeFiles/FirstProject.elf.dir/Drivers/STM32F4xx_HAL_Driver/Src/stm32f4xx_hal_cortex.c.obj
LOAD CMakeFiles/FirstProject.elf.dir/Drivers/STM32F4xx_HAL_Driver/Src/stm32f4xx_hal_dma.c.obj
LOAD CMakeFiles/FirstProject.elf.dir/Drivers/STM32F4xx_HAL_Driver/Src/stm32f4xx_hal_dma_ex.c.obj
LOAD CMakeFiles/FirstProject.elf.dir/Drivers/STM32F4xx_HAL_Driver/Src/stm32f4xx_hal_exti.c.obj
LOAD CMakeFiles/FirstProject.elf.dir/Drivers/STM32F4xx_HAL_Driver/Src/stm32f4xx_hal_flash.c.obj
LOAD CMakeFiles/FirstProject.elf.dir/Drivers/STM32F4xx_HAL_Driver/Src/stm32f4xx_hal_flash_ex.c.obj
LOAD CMakeFiles/FirstProject.elf.dir/Drivers/STM32F4xx_HAL_Driver/Src/stm32f4xx_hal_flash_ramfunc.c.obj
LOAD CMakeFiles/FirstProject.elf.dir/Drivers/STM32F4xx_HAL_Driver/Src/stm32f4xx_hal_gpio.c.obj
LOAD CMakeFiles/FirstProject.elf.dir/Drivers/STM32F4xx_HAL_Driver/Src/stm32f4xx_hal_pwr.c.obj
LOAD CMakeFiles/FirstProject.elf.dir/Drivers/STM32F4xx_HAL_Driver/Src/stm32f4xx_hal_pwr_ex.c.obj
LOAD CMakeFiles/FirstProject.elf.dir/Drivers/STM32F4xx_HAL_Driver/Src/stm32f4xx_hal_rcc.c.obj
LOAD CMakeFiles/FirstProject.elf.dir/Drivers/STM32F4xx_HAL_Driver/Src/stm32f4xx_hal_rcc_ex.c.obj
LOAD CMakeFiles/FirstProject.elf.dir/Drivers/STM32F4xx_HAL_Driver/Src/stm32f4xx_hal_spi.c.obj
LOAD CMakeFiles/FirstProject.elf.dir/Drivers/STM32F4xx_HAL_Driver/Src/stm32f4xx_hal_tim.c.obj
LOAD CMakeFiles/FirstProject.elf.dir/Drivers/STM32F4xx_HAL_Driver/Src/stm32f4xx_hal_tim_ex.c.obj
LOAD CMakeFiles/FirstProject.elf.dir/Drivers/STM32F4xx_HAL_Driver/Src/stm32f4xx_hal_uart.c.obj
LOAD CMakeFiles/FirstProject.elf.dir/Drivers/STM32F4xx_HAL_Driver/Src/stm32f4xx_ll_adc.c.obj
LOAD CMakeFiles/FirstProject.elf.dir/FreeRTOS-Task/DJI_Motor_Task.c.obj
LOAD CMakeFiles/FirstProject.elf.dir/FreeRTOS-Task/Oled_Task.c.obj
LOAD CMakeFiles/FirstProject.elf.dir/Middlewares/Third_Party/FreeRTOS/Source/CMSIS_RTOS/cmsis_os.c.obj
LOAD CMakeFiles/FirstProject.elf.dir/Middlewares/Third_Party/FreeRTOS/Source/croutine.c.obj
LOAD CMakeFiles/FirstProject.elf.dir/Middlewares/Third_Party/FreeRTOS/Source/event_groups.c.obj
LOAD CMakeFiles/FirstProject.elf.dir/Middlewares/Third_Party/FreeRTOS/Source/list.c.obj
LOAD CMakeFiles/FirstProject.elf.dir/Middlewares/Third_Party/FreeRTOS/Source/portable/GCC/ARM_CM4F/port.c.obj
LOAD CMakeFiles/FirstProject.elf.dir/Middlewares/Third_Party/FreeRTOS/Source/portable/MemMang/heap_4.c.obj
LOAD CMakeFiles/FirstProject.elf.dir/Middlewares/Third_Party/FreeRTOS/Source/queue.c.obj
LOAD CMakeFiles/FirstProject.elf.dir/Middlewares/Third_Party/FreeRTOS/Source/stream_buffer.c.obj
LOAD CMakeFiles/FirstProject.elf.dir/Middlewares/Third_Party/FreeRTOS/Source/tasks.c.obj
LOAD CMakeFiles/FirstProject.elf.dir/Middlewares/Third_Party/FreeRTOS/Source/timers.c.obj
LOAD CMakeFiles/FirstProject.elf.dir/startup/startup_stm32f427xx.s.obj
START GROUP
LOAD d:/progra~3/stm32c~1/gcc-ar~1/bin/../lib/gcc/arm-none-eabi/10.3.1/thumb/v7e-m+fp/hard\libgcc.a
LOAD d:/progra~3/stm32c~1/gcc-ar~1/bin/../lib/gcc/arm-none-eabi/10.3.1/../../../../arm-none-eabi/lib/thumb/v7e-m+fp/hard\libg.a
LOAD d:/progra~3/stm32c~1/gcc-ar~1/bin/../lib/gcc/arm-none-eabi/10.3.1/../../../../arm-none-eabi/lib/thumb/v7e-m+fp/hard\libc.a
END GROUP
LOAD d:/progra~3/stm32c~1/gcc-ar~1/bin/../lib/gcc/arm-none-eabi/10.3.1/thumb/v7e-m+fp/hard/crtend.o
LOAD d:/progra~3/stm32c~1/gcc-ar~1/bin/../lib/gcc/arm-none-eabi/10.3.1/thumb/v7e-m+fp/hard/crtn.o
                0x20030000                _estack = 0x20030000
                0x00000200                _Min_Heap_Size = 0x200
                0x00000400                _Min_Stack_Size = 0x400

.isr_vector     0x08000000      0x1ac
                0x08000000                . = ALIGN (0x4)
 *(.isr_vector)
 .isr_vector    0x08000000      0x1ac CMakeFiles/FirstProject.elf.dir/startup/startup_stm32f427xx.s.obj
                0x08000000                g_pfnVectors
                0x080001ac                . = ALIGN (0x4)

.text           0x080001c0     0xbc74
                0x080001c0                . = ALIGN (0x4)
 *(.text)
 .text          0x080001c0       0x40 d:/progra~3/stm32c~1/gcc-ar~1/bin/../lib/gcc/arm-none-eabi/10.3.1/thumb/v7e-m+fp/hard/crtbegin.o
 .text          0x08000200       0x30 d:/progra~3/stm32c~1/gcc-ar~1/bin/../lib/gcc/arm-none-eabi/10.3.1/thumb/v7e-m+fp/hard\libgcc.a(_aeabi_uldivmod.o)
                0x08000200                __aeabi_uldivmod
 .text          0x08000230      0x2d0 d:/progra~3/stm32c~1/gcc-ar~1/bin/../lib/gcc/arm-none-eabi/10.3.1/thumb/v7e-m+fp/hard\libgcc.a(_udivmoddi4.o)
                0x08000230                __udivmoddi4
 .text          0x08000500        0x4 d:/progra~3/stm32c~1/gcc-ar~1/bin/../lib/gcc/arm-none-eabi/10.3.1/thumb/v7e-m+fp/hard\libgcc.a(_dvmd_tls.o)
                0x08000500                __aeabi_idiv0
                0x08000500                __aeabi_ldiv0
 .text          0x08000504      0x134 d:/progra~3/stm32c~1/gcc-ar~1/bin/../lib/gcc/arm-none-eabi/10.3.1/../../../../arm-none-eabi/lib/thumb/v7e-m+fp/hard\libg.a(lib_a-memcpy.o)
                0x08000504                memcpy
 *fill*         0x08000638        0x8 
 .text          0x08000640       0xa0 d:/progra~3/stm32c~1/gcc-ar~1/bin/../lib/gcc/arm-none-eabi/10.3.1/../../../../arm-none-eabi/lib/thumb/v7e-m+fp/hard\libg.a(lib_a-memchr.o)
                0x08000640                memchr
 *fill*         0x080006e0       0x20 
 .text          0x08000700       0xdc d:/progra~3/stm32c~1/gcc-ar~1/bin/../lib/gcc/arm-none-eabi/10.3.1/../../../../arm-none-eabi/lib/thumb/v7e-m+fp/hard\libg.a(lib_a-strlen.o)
                0x08000700                strlen
 .text          0x080007dc      0x378 d:/progra~3/stm32c~1/gcc-ar~1/bin/../lib/gcc/arm-none-eabi/10.3.1/thumb/v7e-m+fp/hard\libgcc.a(_arm_addsubdf3.o)
                0x080007dc                __aeabi_drsub
                0x080007e4                __aeabi_dsub
                0x080007e4                __subdf3
                0x080007e8                __aeabi_dadd
                0x080007e8                __adddf3
                0x08000a60                __floatunsidf
                0x08000a60                __aeabi_ui2d
                0x08000a80                __floatsidf
                0x08000a80                __aeabi_i2d
                0x08000aa4                __aeabi_f2d
                0x08000aa4                __extendsfdf2
                0x08000ae8                __floatundidf
                0x08000ae8                __aeabi_ul2d
                0x08000af8                __floatdidf
                0x08000af8                __aeabi_l2d
 .text          0x08000b54      0x424 d:/progra~3/stm32c~1/gcc-ar~1/bin/../lib/gcc/arm-none-eabi/10.3.1/thumb/v7e-m+fp/hard\libgcc.a(_arm_muldivdf3.o)
                0x08000b54                __aeabi_dmul
                0x08000b54                __muldf3
                0x08000da8                __divdf3
                0x08000da8                __aeabi_ddiv
 .text          0x08000f78      0x110 d:/progra~3/stm32c~1/gcc-ar~1/bin/../lib/gcc/arm-none-eabi/10.3.1/thumb/v7e-m+fp/hard\libgcc.a(_arm_cmpdf2.o)
                0x08000f78                __gtdf2
                0x08000f78                __gedf2
                0x08000f80                __ltdf2
                0x08000f80                __ledf2
                0x08000f88                __nedf2
                0x08000f88                __eqdf2
                0x08000f88                __cmpdf2
                0x08001004                __aeabi_cdrcmple
                0x08001014                __aeabi_cdcmpeq
                0x08001014                __aeabi_cdcmple
                0x08001024                __aeabi_dcmpeq
                0x08001038                __aeabi_dcmplt
                0x0800104c                __aeabi_dcmple
                0x08001060                __aeabi_dcmpge
                0x08001074                __aeabi_dcmpgt
 .text          0x08001088       0x2c d:/progra~3/stm32c~1/gcc-ar~1/bin/../lib/gcc/arm-none-eabi/10.3.1/thumb/v7e-m+fp/hard\libgcc.a(_arm_unorddf2.o)
                0x08001088                __unorddf2
                0x08001088                __aeabi_dcmpun
 .text          0x080010b4       0x50 d:/progra~3/stm32c~1/gcc-ar~1/bin/../lib/gcc/arm-none-eabi/10.3.1/thumb/v7e-m+fp/hard\libgcc.a(_arm_fixdfsi.o)
                0x080010b4                __aeabi_d2iz
                0x080010b4                __fixdfsi
 *(.text*)
 .text.Led_On   0x08001104        0xa CMakeFiles/FirstProject.elf.dir/BSP/bsp_led.c.obj
                0x08001104                Led_On
 .text.oled_pow
                0x0800110e       0x16 CMakeFiles/FirstProject.elf.dir/BSP/bsp_oled.c.obj
 .text.oled_write_byte
                0x08001124       0x40 CMakeFiles/FirstProject.elf.dir/BSP/bsp_oled.c.obj
                0x08001124                oled_write_byte
 .text.oled_set_pos
                0x08001164       0x2a CMakeFiles/FirstProject.elf.dir/BSP/bsp_oled.c.obj
 *fill*         0x0800118e        0x2 
 .text.oled_refresh_gram
                0x08001190       0x38 CMakeFiles/FirstProject.elf.dir/BSP/bsp_oled.c.obj
                0x08001190                oled_refresh_gram
 .text.oled_clear
                0x080011c8       0x5c CMakeFiles/FirstProject.elf.dir/BSP/bsp_oled.c.obj
                0x080011c8                oled_clear
 .text.oled_drawpoint
                0x08001224       0x84 CMakeFiles/FirstProject.elf.dir/BSP/bsp_oled.c.obj
                0x08001224                oled_drawpoint
 .text.oled_drawline
                0x080012a8       0xd8 CMakeFiles/FirstProject.elf.dir/BSP/bsp_oled.c.obj
                0x080012a8                oled_drawline
 .text.oled_showchar
                0x08001380       0x88 CMakeFiles/FirstProject.elf.dir/BSP/bsp_oled.c.obj
                0x08001380                oled_showchar
 .text.oled_shownum
                0x08001408       0x98 CMakeFiles/FirstProject.elf.dir/BSP/bsp_oled.c.obj
                0x08001408                oled_shownum
 .text.oled_showstring
                0x080014a0       0x2e CMakeFiles/FirstProject.elf.dir/BSP/bsp_oled.c.obj
                0x080014a0                oled_showstring
 .text.oled_printf
                0x080014ce       0x56 CMakeFiles/FirstProject.elf.dir/BSP/bsp_oled.c.obj
                0x080014ce                oled_printf
 .text.oled_init
                0x08001524      0x120 CMakeFiles/FirstProject.elf.dir/BSP/bsp_oled.c.obj
                0x08001524                oled_init
 .text.Linear_Map
                0x08001644       0x24 CMakeFiles/FirstProject.elf.dir/BSP/bsp_servo.c.obj
                0x08001644                Linear_Map
 .text.Servo_Init
                0x08001668       0x2c CMakeFiles/FirstProject.elf.dir/BSP/bsp_servo.c.obj
                0x08001668                Servo_Init
 .text.Servo_Ctrl
                0x08001694       0x5c CMakeFiles/FirstProject.elf.dir/BSP/bsp_servo.c.obj
                0x08001694                Servo_Ctrl
 .text.MX_ADC1_Init
                0x080016f0       0x70 CMakeFiles/FirstProject.elf.dir/Core/Src/adc.c.obj
                0x080016f0                MX_ADC1_Init
 .text.HAL_ADC_MspInit
                0x08001760       0xac CMakeFiles/FirstProject.elf.dir/Core/Src/adc.c.obj
                0x08001760                HAL_ADC_MspInit
 .text.MX_CAN1_Init
                0x0800180c       0x40 CMakeFiles/FirstProject.elf.dir/Core/Src/can.c.obj
                0x0800180c                MX_CAN1_Init
 .text.MX_CAN2_Init
                0x0800184c       0x40 CMakeFiles/FirstProject.elf.dir/Core/Src/can.c.obj
                0x0800184c                MX_CAN2_Init
 .text.HAL_CAN_MspInit
                0x0800188c      0x104 CMakeFiles/FirstProject.elf.dir/Core/Src/can.c.obj
                0x0800188c                HAL_CAN_MspInit
 .text.MX_DMA_Init
                0x08001990       0x68 CMakeFiles/FirstProject.elf.dir/Core/Src/dma.c.obj
                0x08001990                MX_DMA_Init
 .text.StartDefaultTask
                0x080019f8        0xa CMakeFiles/FirstProject.elf.dir/Core/Src/freertos.c.obj
                0x080019f8                StartDefaultTask
 *fill*         0x08001a02        0x2 
 .text.vApplicationGetIdleTaskMemory
                0x08001a04       0x18 CMakeFiles/FirstProject.elf.dir/Core/Src/freertos.c.obj
                0x08001a04                vApplicationGetIdleTaskMemory
 .text.MX_FREERTOS_Init
                0x08001a1c       0x84 CMakeFiles/FirstProject.elf.dir/Core/Src/freertos.c.obj
                0x08001a1c                MX_FREERTOS_Init
 .text.MX_GPIO_Init
                0x08001aa0       0xf4 CMakeFiles/FirstProject.elf.dir/Core/Src/gpio.c.obj
                0x08001aa0                MX_GPIO_Init
 .text.HAL_TIM_PeriodElapsedCallback
                0x08001b94       0x18 CMakeFiles/FirstProject.elf.dir/Core/Src/main.c.obj
                0x08001b94                HAL_TIM_PeriodElapsedCallback
 .text.Error_Handler
                0x08001bac        0x4 CMakeFiles/FirstProject.elf.dir/Core/Src/main.c.obj
                0x08001bac                Error_Handler
 .text.SystemClock_Config
                0x08001bb0       0xa4 CMakeFiles/FirstProject.elf.dir/Core/Src/main.c.obj
                0x08001bb0                SystemClock_Config
 .text.main     0x08001c54       0x44 CMakeFiles/FirstProject.elf.dir/Core/Src/main.c.obj
                0x08001c54                main
 .text.MX_SPI1_Init
                0x08001c98       0x44 CMakeFiles/FirstProject.elf.dir/Core/Src/spi.c.obj
                0x08001c98                MX_SPI1_Init
 .text.HAL_SPI_MspInit
                0x08001cdc       0x98 CMakeFiles/FirstProject.elf.dir/Core/Src/spi.c.obj
                0x08001cdc                HAL_SPI_MspInit
 .text.HAL_MspInit
                0x08001d74       0x44 CMakeFiles/FirstProject.elf.dir/Core/Src/stm32f4xx_hal_msp.c.obj
                0x08001d74                HAL_MspInit
 .text.HAL_InitTick
                0x08001db8       0x7c CMakeFiles/FirstProject.elf.dir/Core/Src/stm32f4xx_hal_timebase_tim.c.obj
                0x08001db8                HAL_InitTick
 .text.NMI_Handler
                0x08001e34        0x2 CMakeFiles/FirstProject.elf.dir/Core/Src/stm32f4xx_it.c.obj
                0x08001e34                NMI_Handler
 .text.HardFault_Handler
                0x08001e36        0x2 CMakeFiles/FirstProject.elf.dir/Core/Src/stm32f4xx_it.c.obj
                0x08001e36                HardFault_Handler
 .text.MemManage_Handler
                0x08001e38        0x2 CMakeFiles/FirstProject.elf.dir/Core/Src/stm32f4xx_it.c.obj
                0x08001e38                MemManage_Handler
 .text.BusFault_Handler
                0x08001e3a        0x2 CMakeFiles/FirstProject.elf.dir/Core/Src/stm32f4xx_it.c.obj
                0x08001e3a                BusFault_Handler
 .text.UsageFault_Handler
                0x08001e3c        0x2 CMakeFiles/FirstProject.elf.dir/Core/Src/stm32f4xx_it.c.obj
                0x08001e3c                UsageFault_Handler
 .text.DebugMon_Handler
                0x08001e3e        0x2 CMakeFiles/FirstProject.elf.dir/Core/Src/stm32f4xx_it.c.obj
                0x08001e3e                DebugMon_Handler
 .text.DMA1_Stream3_IRQHandler
                0x08001e40       0x10 CMakeFiles/FirstProject.elf.dir/Core/Src/stm32f4xx_it.c.obj
                0x08001e40                DMA1_Stream3_IRQHandler
 .text.DMA1_Stream6_IRQHandler
                0x08001e50       0x10 CMakeFiles/FirstProject.elf.dir/Core/Src/stm32f4xx_it.c.obj
                0x08001e50                DMA1_Stream6_IRQHandler
 .text.TIM1_UP_TIM10_IRQHandler
                0x08001e60       0x10 CMakeFiles/FirstProject.elf.dir/Core/Src/stm32f4xx_it.c.obj
                0x08001e60                TIM1_UP_TIM10_IRQHandler
 .text.DMA2_Stream0_IRQHandler
                0x08001e70       0x10 CMakeFiles/FirstProject.elf.dir/Core/Src/stm32f4xx_it.c.obj
                0x08001e70                DMA2_Stream0_IRQHandler
 .text.USART6_IRQHandler
                0x08001e80       0x10 CMakeFiles/FirstProject.elf.dir/Core/Src/stm32f4xx_it.c.obj
                0x08001e80                USART6_IRQHandler
 .text.UART7_IRQHandler
                0x08001e90       0x10 CMakeFiles/FirstProject.elf.dir/Core/Src/stm32f4xx_it.c.obj
                0x08001e90                UART7_IRQHandler
 .text.UART8_IRQHandler
                0x08001ea0       0x10 CMakeFiles/FirstProject.elf.dir/Core/Src/stm32f4xx_it.c.obj
                0x08001ea0                UART8_IRQHandler
 .text._getpid  0x08001eb0        0x4 CMakeFiles/FirstProject.elf.dir/Core/Src/syscalls.c.obj
                0x08001eb0                _getpid
 .text._kill    0x08001eb4       0x10 CMakeFiles/FirstProject.elf.dir/Core/Src/syscalls.c.obj
                0x08001eb4                _kill
 .text._exit    0x08001ec4        0xc CMakeFiles/FirstProject.elf.dir/Core/Src/syscalls.c.obj
                0x08001ec4                _exit
 .text._read    0x08001ed0       0x20 CMakeFiles/FirstProject.elf.dir/Core/Src/syscalls.c.obj
                0x08001ed0                _read
 .text._write   0x08001ef0       0x1c CMakeFiles/FirstProject.elf.dir/Core/Src/syscalls.c.obj
                0x08001ef0                _write
 .text._sbrk    0x08001f0c       0x3c CMakeFiles/FirstProject.elf.dir/Core/Src/syscalls.c.obj
                0x08001f0c                _sbrk
 .text._close   0x08001f48        0x6 CMakeFiles/FirstProject.elf.dir/Core/Src/syscalls.c.obj
                0x08001f48                _close
 .text._fstat   0x08001f4e        0xa CMakeFiles/FirstProject.elf.dir/Core/Src/syscalls.c.obj
                0x08001f4e                _fstat
 .text._isatty  0x08001f58        0x4 CMakeFiles/FirstProject.elf.dir/Core/Src/syscalls.c.obj
                0x08001f58                _isatty
 .text._lseek   0x08001f5c        0x4 CMakeFiles/FirstProject.elf.dir/Core/Src/syscalls.c.obj
                0x08001f5c                _lseek
 .text.SystemInit
                0x08001f60       0x14 CMakeFiles/FirstProject.elf.dir/Core/Src/system_stm32f4xx.c.obj
                0x08001f60                SystemInit
 .text.MX_TIM2_Init
                0x08001f74       0x6c CMakeFiles/FirstProject.elf.dir/Core/Src/tim.c.obj
                0x08001f74                MX_TIM2_Init
 .text.HAL_TIM_Base_MspInit
                0x08001fe0       0x50 CMakeFiles/FirstProject.elf.dir/Core/Src/tim.c.obj
                0x08001fe0                HAL_TIM_Base_MspInit
 .text.HAL_TIM_PWM_MspInit
                0x08002030       0x30 CMakeFiles/FirstProject.elf.dir/Core/Src/tim.c.obj
                0x08002030                HAL_TIM_PWM_MspInit
 .text.HAL_TIM_MspPostInit
                0x08002060       0xbc CMakeFiles/FirstProject.elf.dir/Core/Src/tim.c.obj
                0x08002060                HAL_TIM_MspPostInit
 .text.MX_TIM5_Init
                0x0800211c       0xec CMakeFiles/FirstProject.elf.dir/Core/Src/tim.c.obj
                0x0800211c                MX_TIM5_Init
 .text.MX_TIM12_Init
                0x08002208       0x68 CMakeFiles/FirstProject.elf.dir/Core/Src/tim.c.obj
                0x08002208                MX_TIM12_Init
 .text.MX_UART7_Init
                0x08002270       0x34 CMakeFiles/FirstProject.elf.dir/Core/Src/usart.c.obj
                0x08002270                MX_UART7_Init
 .text.MX_UART8_Init
                0x080022a4       0x34 CMakeFiles/FirstProject.elf.dir/Core/Src/usart.c.obj
                0x080022a4                MX_UART8_Init
 .text.MX_USART6_UART_Init
                0x080022d8       0x34 CMakeFiles/FirstProject.elf.dir/Core/Src/usart.c.obj
                0x080022d8                MX_USART6_UART_Init
 .text.HAL_UART_MspInit
                0x0800230c      0x1c8 CMakeFiles/FirstProject.elf.dir/Core/Src/usart.c.obj
                0x0800230c                HAL_UART_MspInit
 .text.HAL_Init
                0x080024d4       0x34 CMakeFiles/FirstProject.elf.dir/Drivers/STM32F4xx_HAL_Driver/Src/stm32f4xx_hal.c.obj
                0x080024d4                HAL_Init
 .text.HAL_IncTick
                0x08002508       0x18 CMakeFiles/FirstProject.elf.dir/Drivers/STM32F4xx_HAL_Driver/Src/stm32f4xx_hal.c.obj
                0x08002508                HAL_IncTick
 .text.HAL_GetTick
                0x08002520        0xc CMakeFiles/FirstProject.elf.dir/Drivers/STM32F4xx_HAL_Driver/Src/stm32f4xx_hal.c.obj
                0x08002520                HAL_GetTick
 .text.HAL_Delay
                0x0800252c       0x28 CMakeFiles/FirstProject.elf.dir/Drivers/STM32F4xx_HAL_Driver/Src/stm32f4xx_hal.c.obj
                0x0800252c                HAL_Delay
 .text.ADC_Init
                0x08002554      0x134 CMakeFiles/FirstProject.elf.dir/Drivers/STM32F4xx_HAL_Driver/Src/stm32f4xx_hal_adc.c.obj
 .text.HAL_ADC_Init
                0x08002688       0x56 CMakeFiles/FirstProject.elf.dir/Drivers/STM32F4xx_HAL_Driver/Src/stm32f4xx_hal_adc.c.obj
                0x08002688                HAL_ADC_Init
 *fill*         0x080026de        0x2 
 .text.HAL_ADC_Start
                0x080026e0      0x144 CMakeFiles/FirstProject.elf.dir/Drivers/STM32F4xx_HAL_Driver/Src/stm32f4xx_hal_adc.c.obj
                0x080026e0                HAL_ADC_Start
 .text.HAL_ADC_PollForConversion
                0x08002824       0xb8 CMakeFiles/FirstProject.elf.dir/Drivers/STM32F4xx_HAL_Driver/Src/stm32f4xx_hal_adc.c.obj
                0x08002824                HAL_ADC_PollForConversion
 .text.HAL_ADC_GetValue
                0x080028dc        0x6 CMakeFiles/FirstProject.elf.dir/Drivers/STM32F4xx_HAL_Driver/Src/stm32f4xx_hal_adc.c.obj
                0x080028dc                HAL_ADC_GetValue
 *fill*         0x080028e2        0x2 
 .text.HAL_ADC_ConfigChannel
                0x080028e4      0x1ac CMakeFiles/FirstProject.elf.dir/Drivers/STM32F4xx_HAL_Driver/Src/stm32f4xx_hal_adc.c.obj
                0x080028e4                HAL_ADC_ConfigChannel
 .text.HAL_CAN_Init
                0x08002a90      0x14c CMakeFiles/FirstProject.elf.dir/Drivers/STM32F4xx_HAL_Driver/Src/stm32f4xx_hal_can.c.obj
                0x08002a90                HAL_CAN_Init
 .text.HAL_NVIC_SetPriorityGrouping
                0x08002bdc       0x24 CMakeFiles/FirstProject.elf.dir/Drivers/STM32F4xx_HAL_Driver/Src/stm32f4xx_hal_cortex.c.obj
                0x08002bdc                HAL_NVIC_SetPriorityGrouping
 .text.HAL_NVIC_SetPriority
                0x08002c00       0x70 CMakeFiles/FirstProject.elf.dir/Drivers/STM32F4xx_HAL_Driver/Src/stm32f4xx_hal_cortex.c.obj
                0x08002c00                HAL_NVIC_SetPriority
 .text.HAL_NVIC_EnableIRQ
                0x08002c70       0x1c CMakeFiles/FirstProject.elf.dir/Drivers/STM32F4xx_HAL_Driver/Src/stm32f4xx_hal_cortex.c.obj
                0x08002c70                HAL_NVIC_EnableIRQ
 .text.DMA_CalcBaseAndBitshift
                0x08002c8c       0x44 CMakeFiles/FirstProject.elf.dir/Drivers/STM32F4xx_HAL_Driver/Src/stm32f4xx_hal_dma.c.obj
 .text.DMA_CheckFifoParam
                0x08002cd0       0x8e CMakeFiles/FirstProject.elf.dir/Drivers/STM32F4xx_HAL_Driver/Src/stm32f4xx_hal_dma.c.obj
 *fill*         0x08002d5e        0x2 
 .text.HAL_DMA_Init
                0x08002d60       0xcc CMakeFiles/FirstProject.elf.dir/Drivers/STM32F4xx_HAL_Driver/Src/stm32f4xx_hal_dma.c.obj
                0x08002d60                HAL_DMA_Init
 .text.HAL_DMA_Abort
                0x08002e2c       0x94 CMakeFiles/FirstProject.elf.dir/Drivers/STM32F4xx_HAL_Driver/Src/stm32f4xx_hal_dma.c.obj
                0x08002e2c                HAL_DMA_Abort
 .text.HAL_DMA_Abort_IT
                0x08002ec0       0x26 CMakeFiles/FirstProject.elf.dir/Drivers/STM32F4xx_HAL_Driver/Src/stm32f4xx_hal_dma.c.obj
                0x08002ec0                HAL_DMA_Abort_IT
 *fill*         0x08002ee6        0x2 
 .text.HAL_DMA_IRQHandler
                0x08002ee8      0x1dc CMakeFiles/FirstProject.elf.dir/Drivers/STM32F4xx_HAL_Driver/Src/stm32f4xx_hal_dma.c.obj
                0x08002ee8                HAL_DMA_IRQHandler
 .text.HAL_GPIO_Init
                0x080030c4      0x1fc CMakeFiles/FirstProject.elf.dir/Drivers/STM32F4xx_HAL_Driver/Src/stm32f4xx_hal_gpio.c.obj
                0x080030c4                HAL_GPIO_Init
 .text.HAL_GPIO_WritePin
                0x080032c0        0xc CMakeFiles/FirstProject.elf.dir/Drivers/STM32F4xx_HAL_Driver/Src/stm32f4xx_hal_gpio.c.obj
                0x080032c0                HAL_GPIO_WritePin
 .text.HAL_RCC_OscConfig
                0x080032cc      0x3f8 CMakeFiles/FirstProject.elf.dir/Drivers/STM32F4xx_HAL_Driver/Src/stm32f4xx_hal_rcc.c.obj
                0x080032cc                HAL_RCC_OscConfig
 .text.HAL_RCC_GetSysClockFreq
                0x080036c4       0xa4 CMakeFiles/FirstProject.elf.dir/Drivers/STM32F4xx_HAL_Driver/Src/stm32f4xx_hal_rcc.c.obj
                0x080036c4                HAL_RCC_GetSysClockFreq
 .text.HAL_RCC_ClockConfig
                0x08003768      0x160 CMakeFiles/FirstProject.elf.dir/Drivers/STM32F4xx_HAL_Driver/Src/stm32f4xx_hal_rcc.c.obj
                0x08003768                HAL_RCC_ClockConfig
 .text.HAL_RCC_GetHCLKFreq
                0x080038c8        0xc CMakeFiles/FirstProject.elf.dir/Drivers/STM32F4xx_HAL_Driver/Src/stm32f4xx_hal_rcc.c.obj
                0x080038c8                HAL_RCC_GetHCLKFreq
 .text.HAL_RCC_GetPCLK1Freq
                0x080038d4       0x20 CMakeFiles/FirstProject.elf.dir/Drivers/STM32F4xx_HAL_Driver/Src/stm32f4xx_hal_rcc.c.obj
                0x080038d4                HAL_RCC_GetPCLK1Freq
 .text.HAL_RCC_GetPCLK2Freq
                0x080038f4       0x20 CMakeFiles/FirstProject.elf.dir/Drivers/STM32F4xx_HAL_Driver/Src/stm32f4xx_hal_rcc.c.obj
                0x080038f4                HAL_RCC_GetPCLK2Freq
 .text.HAL_RCC_GetClockConfig
                0x08003914       0x3c CMakeFiles/FirstProject.elf.dir/Drivers/STM32F4xx_HAL_Driver/Src/stm32f4xx_hal_rcc.c.obj
                0x08003914                HAL_RCC_GetClockConfig
 .text.SPI_WaitFlagStateUntilTimeout
                0x08003950       0xd4 CMakeFiles/FirstProject.elf.dir/Drivers/STM32F4xx_HAL_Driver/Src/stm32f4xx_hal_spi.c.obj
 .text.SPI_EndRxTxTransaction
                0x08003a24       0x68 CMakeFiles/FirstProject.elf.dir/Drivers/STM32F4xx_HAL_Driver/Src/stm32f4xx_hal_spi.c.obj
 .text.HAL_SPI_Init
                0x08003a8c       0xbe CMakeFiles/FirstProject.elf.dir/Drivers/STM32F4xx_HAL_Driver/Src/stm32f4xx_hal_spi.c.obj
                0x08003a8c                HAL_SPI_Init
 .text.HAL_SPI_Transmit
                0x08003b4a      0x1b8 CMakeFiles/FirstProject.elf.dir/Drivers/STM32F4xx_HAL_Driver/Src/stm32f4xx_hal_spi.c.obj
                0x08003b4a                HAL_SPI_Transmit
 *fill*         0x08003d02        0x2 
 .text.TIM_OC1_SetConfig
                0x08003d04       0x68 CMakeFiles/FirstProject.elf.dir/Drivers/STM32F4xx_HAL_Driver/Src/stm32f4xx_hal_tim.c.obj
 .text.TIM_OC3_SetConfig
                0x08003d6c       0x70 CMakeFiles/FirstProject.elf.dir/Drivers/STM32F4xx_HAL_Driver/Src/stm32f4xx_hal_tim.c.obj
 .text.TIM_OC4_SetConfig
                0x08003ddc       0x50 CMakeFiles/FirstProject.elf.dir/Drivers/STM32F4xx_HAL_Driver/Src/stm32f4xx_hal_tim.c.obj
 .text.TIM_TI1_ConfigInputStage
                0x08003e2c       0x26 CMakeFiles/FirstProject.elf.dir/Drivers/STM32F4xx_HAL_Driver/Src/stm32f4xx_hal_tim.c.obj
 .text.TIM_TI2_ConfigInputStage
                0x08003e52       0x28 CMakeFiles/FirstProject.elf.dir/Drivers/STM32F4xx_HAL_Driver/Src/stm32f4xx_hal_tim.c.obj
 .text.TIM_ITRx_SetConfig
                0x08003e7a       0x10 CMakeFiles/FirstProject.elf.dir/Drivers/STM32F4xx_HAL_Driver/Src/stm32f4xx_hal_tim.c.obj
 *fill*         0x08003e8a        0x2 
 .text.HAL_TIM_Base_Start_IT
                0x08003e8c       0x88 CMakeFiles/FirstProject.elf.dir/Drivers/STM32F4xx_HAL_Driver/Src/stm32f4xx_hal_tim.c.obj
                0x08003e8c                HAL_TIM_Base_Start_IT
 .text.HAL_TIM_OC_DelayElapsedCallback
                0x08003f14        0x2 CMakeFiles/FirstProject.elf.dir/Drivers/STM32F4xx_HAL_Driver/Src/stm32f4xx_hal_tim.c.obj
                0x08003f14                HAL_TIM_OC_DelayElapsedCallback
 .text.HAL_TIM_IC_CaptureCallback
                0x08003f16        0x2 CMakeFiles/FirstProject.elf.dir/Drivers/STM32F4xx_HAL_Driver/Src/stm32f4xx_hal_tim.c.obj
                0x08003f16                HAL_TIM_IC_CaptureCallback
 .text.HAL_TIM_PWM_PulseFinishedCallback
                0x08003f18        0x2 CMakeFiles/FirstProject.elf.dir/Drivers/STM32F4xx_HAL_Driver/Src/stm32f4xx_hal_tim.c.obj
                0x08003f18                HAL_TIM_PWM_PulseFinishedCallback
 .text.HAL_TIM_TriggerCallback
                0x08003f1a        0x2 CMakeFiles/FirstProject.elf.dir/Drivers/STM32F4xx_HAL_Driver/Src/stm32f4xx_hal_tim.c.obj
                0x08003f1a                HAL_TIM_TriggerCallback
 .text.HAL_TIM_IRQHandler
                0x08003f1c      0x17a CMakeFiles/FirstProject.elf.dir/Drivers/STM32F4xx_HAL_Driver/Src/stm32f4xx_hal_tim.c.obj
                0x08003f1c                HAL_TIM_IRQHandler
 *fill*         0x08004096        0x2 
 .text.TIM_Base_SetConfig
                0x08004098       0xc8 CMakeFiles/FirstProject.elf.dir/Drivers/STM32F4xx_HAL_Driver/Src/stm32f4xx_hal_tim.c.obj
                0x08004098                TIM_Base_SetConfig
 .text.HAL_TIM_Base_Init
                0x08004160       0x58 CMakeFiles/FirstProject.elf.dir/Drivers/STM32F4xx_HAL_Driver/Src/stm32f4xx_hal_tim.c.obj
                0x08004160                HAL_TIM_Base_Init
 .text.HAL_TIM_PWM_Init
                0x080041b8       0x58 CMakeFiles/FirstProject.elf.dir/Drivers/STM32F4xx_HAL_Driver/Src/stm32f4xx_hal_tim.c.obj
                0x080041b8                HAL_TIM_PWM_Init
 .text.TIM_OC2_SetConfig
                0x08004210       0x70 CMakeFiles/FirstProject.elf.dir/Drivers/STM32F4xx_HAL_Driver/Src/stm32f4xx_hal_tim.c.obj
                0x08004210                TIM_OC2_SetConfig
 .text.HAL_TIM_PWM_ConfigChannel
                0x08004280       0xdc CMakeFiles/FirstProject.elf.dir/Drivers/STM32F4xx_HAL_Driver/Src/stm32f4xx_hal_tim.c.obj
                0x08004280                HAL_TIM_PWM_ConfigChannel
 .text.TIM_ETR_SetConfig
                0x0800435c       0x1a CMakeFiles/FirstProject.elf.dir/Drivers/STM32F4xx_HAL_Driver/Src/stm32f4xx_hal_tim.c.obj
                0x0800435c                TIM_ETR_SetConfig
 .text.HAL_TIM_ConfigClockSource
                0x08004376       0xfe CMakeFiles/FirstProject.elf.dir/Drivers/STM32F4xx_HAL_Driver/Src/stm32f4xx_hal_tim.c.obj
                0x08004376                HAL_TIM_ConfigClockSource
 .text.TIM_CCxChannelCmd
                0x08004474       0x1e CMakeFiles/FirstProject.elf.dir/Drivers/STM32F4xx_HAL_Driver/Src/stm32f4xx_hal_tim.c.obj
                0x08004474                TIM_CCxChannelCmd
 *fill*         0x08004492        0x2 
 .text.HAL_TIM_PWM_Start
                0x08004494      0x104 CMakeFiles/FirstProject.elf.dir/Drivers/STM32F4xx_HAL_Driver/Src/stm32f4xx_hal_tim.c.obj
                0x08004494                HAL_TIM_PWM_Start
 .text.HAL_TIMEx_MasterConfigSynchronization
                0x08004598       0x8c CMakeFiles/FirstProject.elf.dir/Drivers/STM32F4xx_HAL_Driver/Src/stm32f4xx_hal_tim_ex.c.obj
                0x08004598                HAL_TIMEx_MasterConfigSynchronization
 .text.HAL_TIMEx_CommutCallback
                0x08004624        0x2 CMakeFiles/FirstProject.elf.dir/Drivers/STM32F4xx_HAL_Driver/Src/stm32f4xx_hal_tim_ex.c.obj
                0x08004624                HAL_TIMEx_CommutCallback
 .text.HAL_TIMEx_BreakCallback
                0x08004626        0x2 CMakeFiles/FirstProject.elf.dir/Drivers/STM32F4xx_HAL_Driver/Src/stm32f4xx_hal_tim_ex.c.obj
                0x08004626                HAL_TIMEx_BreakCallback
 .text.UART_EndRxTransfer
                0x08004628       0x5c CMakeFiles/FirstProject.elf.dir/Drivers/STM32F4xx_HAL_Driver/Src/stm32f4xx_hal_uart.c.obj
 .text.UART_Transmit_IT
                0x08004684       0x60 CMakeFiles/FirstProject.elf.dir/Drivers/STM32F4xx_HAL_Driver/Src/stm32f4xx_hal_uart.c.obj
 .text.UART_SetConfig
                0x080046e4      0x110 CMakeFiles/FirstProject.elf.dir/Drivers/STM32F4xx_HAL_Driver/Src/stm32f4xx_hal_uart.c.obj
 .text.UART_WaitOnFlagUntilTimeout
                0x080047f4       0x88 CMakeFiles/FirstProject.elf.dir/Drivers/STM32F4xx_HAL_Driver/Src/stm32f4xx_hal_uart.c.obj
 .text.HAL_UART_Init
                0x0800487c       0x5e CMakeFiles/FirstProject.elf.dir/Drivers/STM32F4xx_HAL_Driver/Src/stm32f4xx_hal_uart.c.obj
                0x0800487c                HAL_UART_Init
 .text.HAL_UART_Transmit
                0x080048da       0xd8 CMakeFiles/FirstProject.elf.dir/Drivers/STM32F4xx_HAL_Driver/Src/stm32f4xx_hal_uart.c.obj
                0x080048da                HAL_UART_Transmit
 .text.HAL_UART_TxCpltCallback
                0x080049b2        0x2 CMakeFiles/FirstProject.elf.dir/Drivers/STM32F4xx_HAL_Driver/Src/stm32f4xx_hal_uart.c.obj
                0x080049b2                HAL_UART_TxCpltCallback
 .text.UART_EndTransmit_IT
                0x080049b4       0x1a CMakeFiles/FirstProject.elf.dir/Drivers/STM32F4xx_HAL_Driver/Src/stm32f4xx_hal_uart.c.obj
 .text.HAL_UART_RxCpltCallback
                0x080049ce        0x2 CMakeFiles/FirstProject.elf.dir/Drivers/STM32F4xx_HAL_Driver/Src/stm32f4xx_hal_uart.c.obj
                0x080049ce                HAL_UART_RxCpltCallback
 .text.HAL_UART_ErrorCallback
                0x080049d0        0x2 CMakeFiles/FirstProject.elf.dir/Drivers/STM32F4xx_HAL_Driver/Src/stm32f4xx_hal_uart.c.obj
                0x080049d0                HAL_UART_ErrorCallback
 .text.UART_DMAAbortOnError
                0x080049d2       0x10 CMakeFiles/FirstProject.elf.dir/Drivers/STM32F4xx_HAL_Driver/Src/stm32f4xx_hal_uart.c.obj
 .text.HAL_UARTEx_RxEventCallback
                0x080049e2        0x2 CMakeFiles/FirstProject.elf.dir/Drivers/STM32F4xx_HAL_Driver/Src/stm32f4xx_hal_uart.c.obj
                0x080049e2                HAL_UARTEx_RxEventCallback
 .text.UART_Receive_IT
                0x080049e4       0xe2 CMakeFiles/FirstProject.elf.dir/Drivers/STM32F4xx_HAL_Driver/Src/stm32f4xx_hal_uart.c.obj
 *fill*         0x08004ac6        0x2 
 .text.HAL_UART_IRQHandler
                0x08004ac8      0x280 CMakeFiles/FirstProject.elf.dir/Drivers/STM32F4xx_HAL_Driver/Src/stm32f4xx_hal_uart.c.obj
                0x08004ac8                HAL_UART_IRQHandler
 .text.DJI_Motor_Entry
                0x08004d48        0xa CMakeFiles/FirstProject.elf.dir/FreeRTOS-Task/DJI_Motor_Task.c.obj
                0x08004d48                DJI_Motor_Entry
 *fill*         0x08004d52        0x2 
 .text.Oled_Key_Scan
                0x08004d54       0x28 CMakeFiles/FirstProject.elf.dir/FreeRTOS-Task/Oled_Task.c.obj
                0x08004d54                Oled_Key_Scan
 .text.Oled_Value_trans
                0x08004d7c       0xa4 CMakeFiles/FirstProject.elf.dir/FreeRTOS-Task/Oled_Task.c.obj
                0x08004d7c                Oled_Value_trans
 .text.Oled_Key_Press_Callback
                0x08004e20       0x34 CMakeFiles/FirstProject.elf.dir/FreeRTOS-Task/Oled_Task.c.obj
                0x08004e20                Oled_Key_Press_Callback
 .text.Oled_Key_Up_Callback
                0x08004e54        0xc CMakeFiles/FirstProject.elf.dir/FreeRTOS-Task/Oled_Task.c.obj
                0x08004e54                Oled_Key_Up_Callback
 .text.Oled_Key_Down_Callback
                0x08004e60        0xc CMakeFiles/FirstProject.elf.dir/FreeRTOS-Task/Oled_Task.c.obj
                0x08004e60                Oled_Key_Down_Callback
 .text.Oled_Action
                0x08004e6c       0x26 CMakeFiles/FirstProject.elf.dir/FreeRTOS-Task/Oled_Task.c.obj
                0x08004e6c                Oled_Action
 *fill*         0x08004e92        0x2 
 .text.Oled_Task_Entry
                0x08004e94       0xe8 CMakeFiles/FirstProject.elf.dir/FreeRTOS-Task/Oled_Task.c.obj
                0x08004e94                Oled_Task_Entry
 .text.makeFreeRtosPriority
                0x08004f7c        0xc CMakeFiles/FirstProject.elf.dir/Middlewares/Third_Party/FreeRTOS/Source/CMSIS_RTOS/cmsis_os.c.obj
 .text.osKernelStart
                0x08004f88        0xa CMakeFiles/FirstProject.elf.dir/Middlewares/Third_Party/FreeRTOS/Source/CMSIS_RTOS/cmsis_os.c.obj
                0x08004f88                osKernelStart
 .text.osThreadCreate
                0x08004f92       0x6a CMakeFiles/FirstProject.elf.dir/Middlewares/Third_Party/FreeRTOS/Source/CMSIS_RTOS/cmsis_os.c.obj
                0x08004f92                osThreadCreate
 .text.osDelay  0x08004ffc        0xe CMakeFiles/FirstProject.elf.dir/Middlewares/Third_Party/FreeRTOS/Source/CMSIS_RTOS/cmsis_os.c.obj
                0x08004ffc                osDelay
 .text.vListInitialise
                0x0800500a       0x16 CMakeFiles/FirstProject.elf.dir/Middlewares/Third_Party/FreeRTOS/Source/list.c.obj
                0x0800500a                vListInitialise
 .text.vListInitialiseItem
                0x08005020        0x6 CMakeFiles/FirstProject.elf.dir/Middlewares/Third_Party/FreeRTOS/Source/list.c.obj
                0x08005020                vListInitialiseItem
 .text.vListInsertEnd
                0x08005026       0x16 CMakeFiles/FirstProject.elf.dir/Middlewares/Third_Party/FreeRTOS/Source/list.c.obj
                0x08005026                vListInsertEnd
 .text.vListInsert
                0x0800503c       0x32 CMakeFiles/FirstProject.elf.dir/Middlewares/Third_Party/FreeRTOS/Source/list.c.obj
                0x0800503c                vListInsert
 .text.uxListRemove
                0x0800506e       0x26 CMakeFiles/FirstProject.elf.dir/Middlewares/Third_Party/FreeRTOS/Source/list.c.obj
                0x0800506e                uxListRemove
 .text.prvTaskExitError
                0x08005094       0x40 CMakeFiles/FirstProject.elf.dir/Middlewares/Third_Party/FreeRTOS/Source/portable/GCC/ARM_CM4F/port.c.obj
 .text.prvPortStartFirstTask
                0x080050d4       0x28 CMakeFiles/FirstProject.elf.dir/Middlewares/Third_Party/FreeRTOS/Source/portable/GCC/ARM_CM4F/port.c.obj
 .text.vPortEnableVFP
                0x080050fc       0x14 CMakeFiles/FirstProject.elf.dir/Middlewares/Third_Party/FreeRTOS/Source/portable/GCC/ARM_CM4F/port.c.obj
 .text.pxPortInitialiseStack
                0x08005110       0x2c CMakeFiles/FirstProject.elf.dir/Middlewares/Third_Party/FreeRTOS/Source/portable/GCC/ARM_CM4F/port.c.obj
                0x08005110                pxPortInitialiseStack
 *fill*         0x0800513c        0x4 
 .text.SVC_Handler
                0x08005140       0x24 CMakeFiles/FirstProject.elf.dir/Middlewares/Third_Party/FreeRTOS/Source/portable/GCC/ARM_CM4F/port.c.obj
                0x08005140                SVC_Handler
 .text.vPortEnterCritical
                0x08005164       0x44 CMakeFiles/FirstProject.elf.dir/Middlewares/Third_Party/FreeRTOS/Source/portable/GCC/ARM_CM4F/port.c.obj
                0x08005164                vPortEnterCritical
 .text.vPortExitCritical
                0x080051a8       0x2c CMakeFiles/FirstProject.elf.dir/Middlewares/Third_Party/FreeRTOS/Source/portable/GCC/ARM_CM4F/port.c.obj
                0x080051a8                vPortExitCritical
 *fill*         0x080051d4        0xc 
 .text.PendSV_Handler
                0x080051e0       0x64 CMakeFiles/FirstProject.elf.dir/Middlewares/Third_Party/FreeRTOS/Source/portable/GCC/ARM_CM4F/port.c.obj
                0x080051e0                PendSV_Handler
 .text.SysTick_Handler
                0x08005244       0x2c CMakeFiles/FirstProject.elf.dir/Middlewares/Third_Party/FreeRTOS/Source/portable/GCC/ARM_CM4F/port.c.obj
                0x08005244                SysTick_Handler
 .text.vPortSetupTimerInterrupt
                0x08005270       0x28 CMakeFiles/FirstProject.elf.dir/Middlewares/Third_Party/FreeRTOS/Source/portable/GCC/ARM_CM4F/port.c.obj
                0x08005270                vPortSetupTimerInterrupt
 .text.xPortStartScheduler
                0x08005298      0x118 CMakeFiles/FirstProject.elf.dir/Middlewares/Third_Party/FreeRTOS/Source/portable/GCC/ARM_CM4F/port.c.obj
                0x08005298                xPortStartScheduler
 .text.prvHeapInit
                0x080053b0       0x64 CMakeFiles/FirstProject.elf.dir/Middlewares/Third_Party/FreeRTOS/Source/portable/MemMang/heap_4.c.obj
 .text.prvInsertBlockIntoFreeList
                0x08005414       0x64 CMakeFiles/FirstProject.elf.dir/Middlewares/Third_Party/FreeRTOS/Source/portable/MemMang/heap_4.c.obj
 .text.pvPortMalloc
                0x08005478       0xfc CMakeFiles/FirstProject.elf.dir/Middlewares/Third_Party/FreeRTOS/Source/portable/MemMang/heap_4.c.obj
                0x08005478                pvPortMalloc
 .text.vPortFree
                0x08005574       0x7c CMakeFiles/FirstProject.elf.dir/Middlewares/Third_Party/FreeRTOS/Source/portable/MemMang/heap_4.c.obj
                0x08005574                vPortFree
 .text.prvResetNextTaskUnblockTime
                0x080055f0       0x2c CMakeFiles/FirstProject.elf.dir/Middlewares/Third_Party/FreeRTOS/Source/tasks.c.obj
 .text.prvInitialiseNewTask
                0x0800561c       0xa2 CMakeFiles/FirstProject.elf.dir/Middlewares/Third_Party/FreeRTOS/Source/tasks.c.obj
 *fill*         0x080056be        0x2 
 .text.prvInitialiseTaskLists
                0x080056c0       0x68 CMakeFiles/FirstProject.elf.dir/Middlewares/Third_Party/FreeRTOS/Source/tasks.c.obj
 .text.prvAddNewTaskToReadyList
                0x08005728       0xa8 CMakeFiles/FirstProject.elf.dir/Middlewares/Third_Party/FreeRTOS/Source/tasks.c.obj
 .text.prvDeleteTCB
                0x080057d0       0x38 CMakeFiles/FirstProject.elf.dir/Middlewares/Third_Party/FreeRTOS/Source/tasks.c.obj
 .text.prvCheckTasksWaitingTermination
                0x08005808       0x4c CMakeFiles/FirstProject.elf.dir/Middlewares/Third_Party/FreeRTOS/Source/tasks.c.obj
 .text.prvIdleTask
                0x08005854       0x28 CMakeFiles/FirstProject.elf.dir/Middlewares/Third_Party/FreeRTOS/Source/tasks.c.obj
 .text.prvAddCurrentTaskToDelayedList
                0x0800587c       0x98 CMakeFiles/FirstProject.elf.dir/Middlewares/Third_Party/FreeRTOS/Source/tasks.c.obj
 .text.xTaskCreateStatic
                0x08005914       0x76 CMakeFiles/FirstProject.elf.dir/Middlewares/Third_Party/FreeRTOS/Source/tasks.c.obj
                0x08005914                xTaskCreateStatic
 .text.xTaskCreate
                0x0800598a       0x68 CMakeFiles/FirstProject.elf.dir/Middlewares/Third_Party/FreeRTOS/Source/tasks.c.obj
                0x0800598a                xTaskCreate
 *fill*         0x080059f2        0x2 
 .text.vTaskStartScheduler
                0x080059f4       0x74 CMakeFiles/FirstProject.elf.dir/Middlewares/Third_Party/FreeRTOS/Source/tasks.c.obj
                0x080059f4                vTaskStartScheduler
 .text.vTaskSuspendAll
                0x08005a68       0x10 CMakeFiles/FirstProject.elf.dir/Middlewares/Third_Party/FreeRTOS/Source/tasks.c.obj
                0x08005a68                vTaskSuspendAll
 .text.xTaskIncrementTick
                0x08005a78      0x118 CMakeFiles/FirstProject.elf.dir/Middlewares/Third_Party/FreeRTOS/Source/tasks.c.obj
                0x08005a78                xTaskIncrementTick
 .text.xTaskResumeAll
                0x08005b90       0xf8 CMakeFiles/FirstProject.elf.dir/Middlewares/Third_Party/FreeRTOS/Source/tasks.c.obj
                0x08005b90                xTaskResumeAll
 .text.vTaskDelay
                0x08005c88       0x4c CMakeFiles/FirstProject.elf.dir/Middlewares/Third_Party/FreeRTOS/Source/tasks.c.obj
                0x08005c88                vTaskDelay
 .text.vTaskSwitchContext
                0x08005cd4       0x98 CMakeFiles/FirstProject.elf.dir/Middlewares/Third_Party/FreeRTOS/Source/tasks.c.obj
                0x08005cd4                vTaskSwitchContext
 .text.Reset_Handler
                0x08005d6c       0x50 CMakeFiles/FirstProject.elf.dir/startup/startup_stm32f427xx.s.obj
                0x08005d6c                Reset_Handler
 .text.Default_Handler
                0x08005dbc        0x2 CMakeFiles/FirstProject.elf.dir/startup/startup_stm32f427xx.s.obj
                0x08005dbc                RTC_Alarm_IRQHandler
                0x08005dbc                HASH_RNG_IRQHandler
                0x08005dbc                EXTI2_IRQHandler
                0x08005dbc                TIM8_CC_IRQHandler
                0x08005dbc                SPI4_IRQHandler
                0x08005dbc                TIM1_CC_IRQHandler
                0x08005dbc                DMA2_Stream5_IRQHandler
                0x08005dbc                DMA1_Stream5_IRQHandler
                0x08005dbc                PVD_IRQHandler
                0x08005dbc                SDIO_IRQHandler
                0x08005dbc                TAMP_STAMP_IRQHandler
                0x08005dbc                CAN2_RX1_IRQHandler
                0x08005dbc                EXTI3_IRQHandler
                0x08005dbc                TIM8_TRG_COM_TIM14_IRQHandler
                0x08005dbc                TIM8_UP_TIM13_IRQHandler
                0x08005dbc                I2C3_ER_IRQHandler
                0x08005dbc                EXTI0_IRQHandler
                0x08005dbc                I2C2_EV_IRQHandler
                0x08005dbc                DMA1_Stream2_IRQHandler
                0x08005dbc                CAN1_RX0_IRQHandler
                0x08005dbc                FPU_IRQHandler
                0x08005dbc                OTG_HS_WKUP_IRQHandler
                0x08005dbc                CAN2_SCE_IRQHandler
                0x08005dbc                DMA2_Stream2_IRQHandler
                0x08005dbc                SPI1_IRQHandler
                0x08005dbc                TIM6_DAC_IRQHandler
                0x08005dbc                TIM1_BRK_TIM9_IRQHandler
                0x08005dbc                DCMI_IRQHandler
                0x08005dbc                CAN2_RX0_IRQHandler
                0x08005dbc                DMA2_Stream3_IRQHandler
                0x08005dbc                USART3_IRQHandler
                0x08005dbc                CAN1_RX1_IRQHandler
                0x08005dbc                UART5_IRQHandler
                0x08005dbc                TIM4_IRQHandler
                0x08005dbc                I2C1_EV_IRQHandler
                0x08005dbc                DMA1_Stream1_IRQHandler
                0x08005dbc                UART4_IRQHandler
                0x08005dbc                TIM3_IRQHandler
                0x08005dbc                RCC_IRQHandler
                0x08005dbc                TIM8_BRK_TIM12_IRQHandler
                0x08005dbc                Default_Handler
                0x08005dbc                EXTI15_10_IRQHandler
                0x08005dbc                ADC_IRQHandler
                0x08005dbc                DMA1_Stream7_IRQHandler
                0x08005dbc                SPI5_IRQHandler
                0x08005dbc                TIM7_IRQHandler
                0x08005dbc                CAN2_TX_IRQHandler
                0x08005dbc                TIM5_IRQHandler
                0x08005dbc                DMA2_Stream7_IRQHandler
                0x08005dbc                I2C3_EV_IRQHandler
                0x08005dbc                EXTI9_5_IRQHandler
                0x08005dbc                RTC_WKUP_IRQHandler
                0x08005dbc                ETH_WKUP_IRQHandler
                0x08005dbc                SPI2_IRQHandler
                0x08005dbc                OTG_HS_EP1_IN_IRQHandler
                0x08005dbc                DMA1_Stream0_IRQHandler
                0x08005dbc                CAN1_TX_IRQHandler
                0x08005dbc                EXTI4_IRQHandler
                0x08005dbc                ETH_IRQHandler
                0x08005dbc                OTG_HS_EP1_OUT_IRQHandler
                0x08005dbc                WWDG_IRQHandler
                0x08005dbc                SPI6_IRQHandler
                0x08005dbc                TIM2_IRQHandler
                0x08005dbc                OTG_FS_WKUP_IRQHandler
                0x08005dbc                TIM1_TRG_COM_TIM11_IRQHandler
                0x08005dbc                OTG_HS_IRQHandler
                0x08005dbc                DMA2D_IRQHandler
                0x08005dbc                EXTI1_IRQHandler
                0x08005dbc                USART2_IRQHandler
                0x08005dbc                I2C2_ER_IRQHandler
                0x08005dbc                DMA2_Stream1_IRQHandler
                0x08005dbc                CAN1_SCE_IRQHandler
                0x08005dbc                FLASH_IRQHandler
                0x08005dbc                DMA2_Stream4_IRQHandler
                0x08005dbc                USART1_IRQHandler
                0x08005dbc                OTG_FS_IRQHandler
                0x08005dbc                SPI3_IRQHandler
                0x08005dbc                DMA1_Stream4_IRQHandler
                0x08005dbc                I2C1_ER_IRQHandler
                0x08005dbc                FMC_IRQHandler
                0x08005dbc                DMA2_Stream6_IRQHandler
                0x08005dbc                SAI1_IRQHandler
 *fill*         0x08005dbe        0x2 
 .text.__errno  0x08005dc0        0xc d:/progra~3/stm32c~1/gcc-ar~1/bin/../lib/gcc/arm-none-eabi/10.3.1/../../../../arm-none-eabi/lib/thumb/v7e-m+fp/hard\libg.a(lib_a-errno.o)
                0x08005dc0                __errno
 .text.__libc_init_array
                0x08005dcc       0x48 d:/progra~3/stm32c~1/gcc-ar~1/bin/../lib/gcc/arm-none-eabi/10.3.1/../../../../arm-none-eabi/lib/thumb/v7e-m+fp/hard\libg.a(lib_a-init.o)
                0x08005dcc                __libc_init_array
 .text.memset   0x08005e14       0xa4 d:/progra~3/stm32c~1/gcc-ar~1/bin/../lib/gcc/arm-none-eabi/10.3.1/../../../../arm-none-eabi/lib/thumb/v7e-m+fp/hard\libg.a(lib_a-memset.o)
                0x08005e14                memset
 .text.vsprintf
                0x08005eb8       0x38 d:/progra~3/stm32c~1/gcc-ar~1/bin/../lib/gcc/arm-none-eabi/10.3.1/../../../../arm-none-eabi/lib/thumb/v7e-m+fp/hard\libg.a(lib_a-vsprintf.o)
                0x08005eb8                vsprintf
 .text.startup.register_fini
                0x08005ef0       0x14 d:/progra~3/stm32c~1/gcc-ar~1/bin/../lib/gcc/arm-none-eabi/10.3.1/../../../../arm-none-eabi/lib/thumb/v7e-m+fp/hard\libg.a(lib_a-__call_atexit.o)
 .text.atexit   0x08005f04        0xc d:/progra~3/stm32c~1/gcc-ar~1/bin/../lib/gcc/arm-none-eabi/10.3.1/../../../../arm-none-eabi/lib/thumb/v7e-m+fp/hard\libg.a(lib_a-atexit.o)
                0x08005f04                atexit
 .text.__libc_fini_array
                0x08005f10       0x2c d:/progra~3/stm32c~1/gcc-ar~1/bin/../lib/gcc/arm-none-eabi/10.3.1/../../../../arm-none-eabi/lib/thumb/v7e-m+fp/hard\libg.a(lib_a-fini.o)
                0x08005f10                __libc_fini_array
 .text.__retarget_lock_init_recursive
                0x08005f3c        0x4 d:/progra~3/stm32c~1/gcc-ar~1/bin/../lib/gcc/arm-none-eabi/10.3.1/../../../../arm-none-eabi/lib/thumb/v7e-m+fp/hard\libg.a(lib_a-lock.o)
                0x08005f3c                __retarget_lock_init_recursive
 .text.__retarget_lock_close_recursive
                0x08005f40        0x4 d:/progra~3/stm32c~1/gcc-ar~1/bin/../lib/gcc/arm-none-eabi/10.3.1/../../../../arm-none-eabi/lib/thumb/v7e-m+fp/hard\libg.a(lib_a-lock.o)
                0x08005f40                __retarget_lock_close_recursive
 .text.__retarget_lock_acquire_recursive
                0x08005f44        0x4 d:/progra~3/stm32c~1/gcc-ar~1/bin/../lib/gcc/arm-none-eabi/10.3.1/../../../../arm-none-eabi/lib/thumb/v7e-m+fp/hard\libg.a(lib_a-lock.o)
                0x08005f44                __retarget_lock_acquire_recursive
 .text.__retarget_lock_release_recursive
                0x08005f48        0x4 d:/progra~3/stm32c~1/gcc-ar~1/bin/../lib/gcc/arm-none-eabi/10.3.1/../../../../arm-none-eabi/lib/thumb/v7e-m+fp/hard\libg.a(lib_a-lock.o)
                0x08005f48                __retarget_lock_release_recursive
 *fill*         0x08005f4c        0x4 
 .text._svfprintf_r
                0x08005f50     0x1acc d:/progra~3/stm32c~1/gcc-ar~1/bin/../lib/gcc/arm-none-eabi/10.3.1/../../../../arm-none-eabi/lib/thumb/v7e-m+fp/hard\libg.a(lib_a-svfprintf.o)
                0x08005f50                _svfprintf_r
 .text.__register_exitproc
                0x08007a1c       0x8c d:/progra~3/stm32c~1/gcc-ar~1/bin/../lib/gcc/arm-none-eabi/10.3.1/../../../../arm-none-eabi/lib/thumb/v7e-m+fp/hard\libg.a(lib_a-__atexit.o)
                0x08007a1c                __register_exitproc
 .text.quorem   0x08007aa8      0x128 d:/progra~3/stm32c~1/gcc-ar~1/bin/../lib/gcc/arm-none-eabi/10.3.1/../../../../arm-none-eabi/lib/thumb/v7e-m+fp/hard\libg.a(lib_a-dtoa.o)
 .text._dtoa_r  0x08007bd0      0xf3c d:/progra~3/stm32c~1/gcc-ar~1/bin/../lib/gcc/arm-none-eabi/10.3.1/../../../../arm-none-eabi/lib/thumb/v7e-m+fp/hard\libg.a(lib_a-dtoa.o)
                0x08007bd0                _dtoa_r
 .text._malloc_trim_r
                0x08008b0c       0xa0 d:/progra~3/stm32c~1/gcc-ar~1/bin/../lib/gcc/arm-none-eabi/10.3.1/../../../../arm-none-eabi/lib/thumb/v7e-m+fp/hard\libg.a(lib_a-freer.o)
                0x08008b0c                _malloc_trim_r
 .text._free_r  0x08008bac      0x20c d:/progra~3/stm32c~1/gcc-ar~1/bin/../lib/gcc/arm-none-eabi/10.3.1/../../../../arm-none-eabi/lib/thumb/v7e-m+fp/hard\libg.a(lib_a-freer.o)
                0x08008bac                _free_r
 .text._localeconv_r
                0x08008db8        0x8 d:/progra~3/stm32c~1/gcc-ar~1/bin/../lib/gcc/arm-none-eabi/10.3.1/../../../../arm-none-eabi/lib/thumb/v7e-m+fp/hard\libg.a(lib_a-localeconv.o)
                0x08008db8                _localeconv_r
 .text._malloc_r
                0x08008dc0      0x560 d:/progra~3/stm32c~1/gcc-ar~1/bin/../lib/gcc/arm-none-eabi/10.3.1/../../../../arm-none-eabi/lib/thumb/v7e-m+fp/hard\libg.a(lib_a-mallocr.o)
                0x08008dc0                _malloc_r
 .text.__malloc_lock
                0x08009320        0xc d:/progra~3/stm32c~1/gcc-ar~1/bin/../lib/gcc/arm-none-eabi/10.3.1/../../../../arm-none-eabi/lib/thumb/v7e-m+fp/hard\libg.a(lib_a-mlock.o)
                0x08009320                __malloc_lock
 .text.__malloc_unlock
                0x0800932c        0xc d:/progra~3/stm32c~1/gcc-ar~1/bin/../lib/gcc/arm-none-eabi/10.3.1/../../../../arm-none-eabi/lib/thumb/v7e-m+fp/hard\libg.a(lib_a-mlock.o)
                0x0800932c                __malloc_unlock
 .text._Balloc  0x08009338       0x4c d:/progra~3/stm32c~1/gcc-ar~1/bin/../lib/gcc/arm-none-eabi/10.3.1/../../../../arm-none-eabi/lib/thumb/v7e-m+fp/hard\libg.a(lib_a-mprec.o)
                0x08009338                _Balloc
 .text._Bfree   0x08009384       0x14 d:/progra~3/stm32c~1/gcc-ar~1/bin/../lib/gcc/arm-none-eabi/10.3.1/../../../../arm-none-eabi/lib/thumb/v7e-m+fp/hard\libg.a(lib_a-mprec.o)
                0x08009384                _Bfree
 .text.__multadd
                0x08009398       0xa8 d:/progra~3/stm32c~1/gcc-ar~1/bin/../lib/gcc/arm-none-eabi/10.3.1/../../../../arm-none-eabi/lib/thumb/v7e-m+fp/hard\libg.a(lib_a-mprec.o)
                0x08009398                __multadd
 .text.__hi0bits
                0x08009440       0x40 d:/progra~3/stm32c~1/gcc-ar~1/bin/../lib/gcc/arm-none-eabi/10.3.1/../../../../arm-none-eabi/lib/thumb/v7e-m+fp/hard\libg.a(lib_a-mprec.o)
                0x08009440                __hi0bits
 .text.__lo0bits
                0x08009480       0x60 d:/progra~3/stm32c~1/gcc-ar~1/bin/../lib/gcc/arm-none-eabi/10.3.1/../../../../arm-none-eabi/lib/thumb/v7e-m+fp/hard\libg.a(lib_a-mprec.o)
                0x08009480                __lo0bits
 .text.__i2b    0x080094e0       0x5c d:/progra~3/stm32c~1/gcc-ar~1/bin/../lib/gcc/arm-none-eabi/10.3.1/../../../../arm-none-eabi/lib/thumb/v7e-m+fp/hard\libg.a(lib_a-mprec.o)
                0x080094e0                __i2b
 .text.__multiply
                0x0800953c      0x15c d:/progra~3/stm32c~1/gcc-ar~1/bin/../lib/gcc/arm-none-eabi/10.3.1/../../../../arm-none-eabi/lib/thumb/v7e-m+fp/hard\libg.a(lib_a-mprec.o)
                0x0800953c                __multiply
 .text.__pow5mult
                0x08009698       0xc0 d:/progra~3/stm32c~1/gcc-ar~1/bin/../lib/gcc/arm-none-eabi/10.3.1/../../../../arm-none-eabi/lib/thumb/v7e-m+fp/hard\libg.a(lib_a-mprec.o)
                0x08009698                __pow5mult
 .text.__lshift
                0x08009758       0xf0 d:/progra~3/stm32c~1/gcc-ar~1/bin/../lib/gcc/arm-none-eabi/10.3.1/../../../../arm-none-eabi/lib/thumb/v7e-m+fp/hard\libg.a(lib_a-mprec.o)
                0x08009758                __lshift
 .text.__mcmp   0x08009848       0x44 d:/progra~3/stm32c~1/gcc-ar~1/bin/../lib/gcc/arm-none-eabi/10.3.1/../../../../arm-none-eabi/lib/thumb/v7e-m+fp/hard\libg.a(lib_a-mprec.o)
                0x08009848                __mcmp
 .text.__mdiff  0x0800988c      0x14c d:/progra~3/stm32c~1/gcc-ar~1/bin/../lib/gcc/arm-none-eabi/10.3.1/../../../../arm-none-eabi/lib/thumb/v7e-m+fp/hard\libg.a(lib_a-mprec.o)
                0x0800988c                __mdiff
 .text.__d2b    0x080099d8       0xd0 d:/progra~3/stm32c~1/gcc-ar~1/bin/../lib/gcc/arm-none-eabi/10.3.1/../../../../arm-none-eabi/lib/thumb/v7e-m+fp/hard\libg.a(lib_a-mprec.o)
                0x080099d8                __d2b
 .text.frexp    0x08009aa8       0x6c d:/progra~3/stm32c~1/gcc-ar~1/bin/../lib/gcc/arm-none-eabi/10.3.1/../../../../arm-none-eabi/lib/thumb/v7e-m+fp/hard\libg.a(lib_a-s_frexp.o)
                0x08009aa8                frexp
 .text._sbrk_r  0x08009b14       0x24 d:/progra~3/stm32c~1/gcc-ar~1/bin/../lib/gcc/arm-none-eabi/10.3.1/../../../../arm-none-eabi/lib/thumb/v7e-m+fp/hard\libg.a(lib_a-sbrkr.o)
                0x08009b14                _sbrk_r
 .text.strncpy  0x08009b38       0x64 d:/progra~3/stm32c~1/gcc-ar~1/bin/../lib/gcc/arm-none-eabi/10.3.1/../../../../arm-none-eabi/lib/thumb/v7e-m+fp/hard\libg.a(lib_a-strncpy.o)
                0x08009b38                strncpy
 .text.__ssprint_r
                0x08009b9c       0xf8 d:/progra~3/stm32c~1/gcc-ar~1/bin/../lib/gcc/arm-none-eabi/10.3.1/../../../../arm-none-eabi/lib/thumb/v7e-m+fp/hard\libg.a(lib_a-svfiprintf.o)
                0x08009b9c                __ssprint_r
 .text.__assert_func
                0x08009c94       0x40 d:/progra~3/stm32c~1/gcc-ar~1/bin/../lib/gcc/arm-none-eabi/10.3.1/../../../../arm-none-eabi/lib/thumb/v7e-m+fp/hard\libg.a(lib_a-assert.o)
                0x08009c94                __assert_func
 .text._calloc_r
                0x08009cd4       0x78 d:/progra~3/stm32c~1/gcc-ar~1/bin/../lib/gcc/arm-none-eabi/10.3.1/../../../../arm-none-eabi/lib/thumb/v7e-m+fp/hard\libg.a(lib_a-callocr.o)
                0x08009cd4                _calloc_r
 .text.fiprintf
                0x08009d4c       0x28 d:/progra~3/stm32c~1/gcc-ar~1/bin/../lib/gcc/arm-none-eabi/10.3.1/../../../../arm-none-eabi/lib/thumb/v7e-m+fp/hard\libg.a(lib_a-fiprintf.o)
                0x08009d4c                fiprintf
 .text.__locale_mb_cur_max
                0x08009d74        0xc d:/progra~3/stm32c~1/gcc-ar~1/bin/../lib/gcc/arm-none-eabi/10.3.1/../../../../arm-none-eabi/lib/thumb/v7e-m+fp/hard\libg.a(lib_a-locale.o)
                0x08009d74                __locale_mb_cur_max
 .text.__ascii_mbtowc
                0x08009d80       0x2c d:/progra~3/stm32c~1/gcc-ar~1/bin/../lib/gcc/arm-none-eabi/10.3.1/../../../../arm-none-eabi/lib/thumb/v7e-m+fp/hard\libg.a(lib_a-mbtowc_r.o)
                0x08009d80                __ascii_mbtowc
 .text.memmove  0x08009dac       0xf8 d:/progra~3/stm32c~1/gcc-ar~1/bin/../lib/gcc/arm-none-eabi/10.3.1/../../../../arm-none-eabi/lib/thumb/v7e-m+fp/hard\libg.a(lib_a-memmove.o)
                0x08009dac                memmove
 .text._realloc_r
                0x08009ea4      0x3d8 d:/progra~3/stm32c~1/gcc-ar~1/bin/../lib/gcc/arm-none-eabi/10.3.1/../../../../arm-none-eabi/lib/thumb/v7e-m+fp/hard\libg.a(lib_a-reallocr.o)
                0x08009ea4                _realloc_r
 .text.__sprint_r.part.0
                0x0800a27c       0x78 d:/progra~3/stm32c~1/gcc-ar~1/bin/../lib/gcc/arm-none-eabi/10.3.1/../../../../arm-none-eabi/lib/thumb/v7e-m+fp/hard\libg.a(lib_a-vfiprintf.o)
 .text._vfiprintf_r
                0x0800a2f4      0xdfc d:/progra~3/stm32c~1/gcc-ar~1/bin/../lib/gcc/arm-none-eabi/10.3.1/../../../../arm-none-eabi/lib/thumb/v7e-m+fp/hard\libg.a(lib_a-vfiprintf.o)
                0x0800a2f4                _vfiprintf_r
 .text.__sbprintf
                0x0800b0f0       0x80 d:/progra~3/stm32c~1/gcc-ar~1/bin/../lib/gcc/arm-none-eabi/10.3.1/../../../../arm-none-eabi/lib/thumb/v7e-m+fp/hard\libg.a(lib_a-vfiprintf.o)
 .text.__ascii_wctomb
                0x0800b170       0x1c d:/progra~3/stm32c~1/gcc-ar~1/bin/../lib/gcc/arm-none-eabi/10.3.1/../../../../arm-none-eabi/lib/thumb/v7e-m+fp/hard\libg.a(lib_a-wctomb_r.o)
                0x0800b170                __ascii_wctomb
 .text.__swsetup_r
                0x0800b18c       0xd4 d:/progra~3/stm32c~1/gcc-ar~1/bin/../lib/gcc/arm-none-eabi/10.3.1/../../../../arm-none-eabi/lib/thumb/v7e-m+fp/hard\libg.a(lib_a-wsetup.o)
                0x0800b18c                __swsetup_r
 .text.abort    0x0800b260       0x10 d:/progra~3/stm32c~1/gcc-ar~1/bin/../lib/gcc/arm-none-eabi/10.3.1/../../../../arm-none-eabi/lib/thumb/v7e-m+fp/hard\libg.a(lib_a-abort.o)
                0x0800b260                abort
 .text.__sflush_r
                0x0800b270      0x130 d:/progra~3/stm32c~1/gcc-ar~1/bin/../lib/gcc/arm-none-eabi/10.3.1/../../../../arm-none-eabi/lib/thumb/v7e-m+fp/hard\libg.a(lib_a-fflush.o)
                0x0800b270                __sflush_r
 .text._fflush_r
                0x0800b3a0       0x5c d:/progra~3/stm32c~1/gcc-ar~1/bin/../lib/gcc/arm-none-eabi/10.3.1/../../../../arm-none-eabi/lib/thumb/v7e-m+fp/hard\libg.a(lib_a-fflush.o)
                0x0800b3a0                _fflush_r
 .text._cleanup_r
                0x0800b3fc        0xc d:/progra~3/stm32c~1/gcc-ar~1/bin/../lib/gcc/arm-none-eabi/10.3.1/../../../../arm-none-eabi/lib/thumb/v7e-m+fp/hard\libg.a(lib_a-findfp.o)
                0x0800b3fc                _cleanup_r
 .text.__sinit  0x0800b408      0x10c d:/progra~3/stm32c~1/gcc-ar~1/bin/../lib/gcc/arm-none-eabi/10.3.1/../../../../arm-none-eabi/lib/thumb/v7e-m+fp/hard\libg.a(lib_a-findfp.o)
                0x0800b408                __sinit
 .text.__sfp_lock_acquire
                0x0800b514        0xc d:/progra~3/stm32c~1/gcc-ar~1/bin/../lib/gcc/arm-none-eabi/10.3.1/../../../../arm-none-eabi/lib/thumb/v7e-m+fp/hard\libg.a(lib_a-findfp.o)
                0x0800b514                __sfp_lock_acquire
 .text.__sfp_lock_release
                0x0800b520        0xc d:/progra~3/stm32c~1/gcc-ar~1/bin/../lib/gcc/arm-none-eabi/10.3.1/../../../../arm-none-eabi/lib/thumb/v7e-m+fp/hard\libg.a(lib_a-findfp.o)
                0x0800b520                __sfp_lock_release
 .text.__fputwc
                0x0800b52c       0xa8 d:/progra~3/stm32c~1/gcc-ar~1/bin/../lib/gcc/arm-none-eabi/10.3.1/../../../../arm-none-eabi/lib/thumb/v7e-m+fp/hard\libg.a(lib_a-fputwc.o)
                0x0800b52c                __fputwc
 .text._fputwc_r
                0x0800b5d4       0x68 d:/progra~3/stm32c~1/gcc-ar~1/bin/../lib/gcc/arm-none-eabi/10.3.1/../../../../arm-none-eabi/lib/thumb/v7e-m+fp/hard\libg.a(lib_a-fputwc.o)
                0x0800b5d4                _fputwc_r
 .text.__sfvwrite_r
                0x0800b63c      0x2f0 d:/progra~3/stm32c~1/gcc-ar~1/bin/../lib/gcc/arm-none-eabi/10.3.1/../../../../arm-none-eabi/lib/thumb/v7e-m+fp/hard\libg.a(lib_a-fvwrite.o)
                0x0800b63c                __sfvwrite_r
 .text._fwalk_reent
                0x0800b92c       0x48 d:/progra~3/stm32c~1/gcc-ar~1/bin/../lib/gcc/arm-none-eabi/10.3.1/../../../../arm-none-eabi/lib/thumb/v7e-m+fp/hard\libg.a(lib_a-fwalk.o)
                0x0800b92c                _fwalk_reent
 .text.__smakebuf_r
                0x0800b974       0xe0 d:/progra~3/stm32c~1/gcc-ar~1/bin/../lib/gcc/arm-none-eabi/10.3.1/../../../../arm-none-eabi/lib/thumb/v7e-m+fp/hard\libg.a(lib_a-makebuf.o)
                0x0800b974                __smakebuf_r
 .text.raise    0x0800ba54       0x5c d:/progra~3/stm32c~1/gcc-ar~1/bin/../lib/gcc/arm-none-eabi/10.3.1/../../../../arm-none-eabi/lib/thumb/v7e-m+fp/hard\libg.a(lib_a-signal.o)
                0x0800ba54                raise
 .text._kill_r  0x0800bab0       0x2c d:/progra~3/stm32c~1/gcc-ar~1/bin/../lib/gcc/arm-none-eabi/10.3.1/../../../../arm-none-eabi/lib/thumb/v7e-m+fp/hard\libg.a(lib_a-signalr.o)
                0x0800bab0                _kill_r
 .text._getpid_r
                0x0800badc        0x4 d:/progra~3/stm32c~1/gcc-ar~1/bin/../lib/gcc/arm-none-eabi/10.3.1/../../../../arm-none-eabi/lib/thumb/v7e-m+fp/hard\libg.a(lib_a-signalr.o)
                0x0800badc                _getpid_r
 .text.__sread  0x0800bae0       0x24 d:/progra~3/stm32c~1/gcc-ar~1/bin/../lib/gcc/arm-none-eabi/10.3.1/../../../../arm-none-eabi/lib/thumb/v7e-m+fp/hard\libg.a(lib_a-stdio.o)
                0x0800bae0                __sread
 .text.__swrite
                0x0800bb04       0x40 d:/progra~3/stm32c~1/gcc-ar~1/bin/../lib/gcc/arm-none-eabi/10.3.1/../../../../arm-none-eabi/lib/thumb/v7e-m+fp/hard\libg.a(lib_a-stdio.o)
                0x0800bb04                __swrite
 .text.__sseek  0x0800bb44       0x20 d:/progra~3/stm32c~1/gcc-ar~1/bin/../lib/gcc/arm-none-eabi/10.3.1/../../../../arm-none-eabi/lib/thumb/v7e-m+fp/hard\libg.a(lib_a-stdio.o)
                0x0800bb44                __sseek
 .text.__sclose
                0x0800bb64        0x8 d:/progra~3/stm32c~1/gcc-ar~1/bin/../lib/gcc/arm-none-eabi/10.3.1/../../../../arm-none-eabi/lib/thumb/v7e-m+fp/hard\libg.a(lib_a-stdio.o)
                0x0800bb64                __sclose
 .text.__swbuf_r
                0x0800bb6c       0xb0 d:/progra~3/stm32c~1/gcc-ar~1/bin/../lib/gcc/arm-none-eabi/10.3.1/../../../../arm-none-eabi/lib/thumb/v7e-m+fp/hard\libg.a(lib_a-wbuf.o)
                0x0800bb6c                __swbuf_r
 .text._wcrtomb_r
                0x0800bc1c       0x3c d:/progra~3/stm32c~1/gcc-ar~1/bin/../lib/gcc/arm-none-eabi/10.3.1/../../../../arm-none-eabi/lib/thumb/v7e-m+fp/hard\libg.a(lib_a-wcrtomb.o)
                0x0800bc1c                _wcrtomb_r
 .text._write_r
                0x0800bc58       0x2c d:/progra~3/stm32c~1/gcc-ar~1/bin/../lib/gcc/arm-none-eabi/10.3.1/../../../../arm-none-eabi/lib/thumb/v7e-m+fp/hard\libg.a(lib_a-writer.o)
                0x0800bc58                _write_r
 .text._close_r
                0x0800bc84       0x24 d:/progra~3/stm32c~1/gcc-ar~1/bin/../lib/gcc/arm-none-eabi/10.3.1/../../../../arm-none-eabi/lib/thumb/v7e-m+fp/hard\libg.a(lib_a-closer.o)
                0x0800bc84                _close_r
 .text._fclose_r
                0x0800bca8       0xcc d:/progra~3/stm32c~1/gcc-ar~1/bin/../lib/gcc/arm-none-eabi/10.3.1/../../../../arm-none-eabi/lib/thumb/v7e-m+fp/hard\libg.a(lib_a-fclose.o)
                0x0800bca8                _fclose_r
 .text._fstat_r
                0x0800bd74       0x2c d:/progra~3/stm32c~1/gcc-ar~1/bin/../lib/gcc/arm-none-eabi/10.3.1/../../../../arm-none-eabi/lib/thumb/v7e-m+fp/hard\libg.a(lib_a-fstatr.o)
                0x0800bd74                _fstat_r
 .text._isatty_r
                0x0800bda0       0x24 d:/progra~3/stm32c~1/gcc-ar~1/bin/../lib/gcc/arm-none-eabi/10.3.1/../../../../arm-none-eabi/lib/thumb/v7e-m+fp/hard\libg.a(lib_a-isattyr.o)
                0x0800bda0                _isatty_r
 .text._lseek_r
                0x0800bdc4       0x2c d:/progra~3/stm32c~1/gcc-ar~1/bin/../lib/gcc/arm-none-eabi/10.3.1/../../../../arm-none-eabi/lib/thumb/v7e-m+fp/hard\libg.a(lib_a-lseekr.o)
                0x0800bdc4                _lseek_r
 .text._read_r  0x0800bdf0       0x2c d:/progra~3/stm32c~1/gcc-ar~1/bin/../lib/gcc/arm-none-eabi/10.3.1/../../../../arm-none-eabi/lib/thumb/v7e-m+fp/hard\libg.a(lib_a-readr.o)
                0x0800bdf0                _read_r
 *(.glue_7)
 .glue_7        0x0800be1c        0x0 linker stubs
 *(.glue_7t)
 .glue_7t       0x0800be1c        0x0 linker stubs
 *(.eh_frame)
 .eh_frame      0x0800be1c        0x0 d:/progra~3/stm32c~1/gcc-ar~1/bin/../lib/gcc/arm-none-eabi/10.3.1/thumb/v7e-m+fp/hard/crtbegin.o
 *(.init)
 .init          0x0800be1c        0x4 d:/progra~3/stm32c~1/gcc-ar~1/bin/../lib/gcc/arm-none-eabi/10.3.1/thumb/v7e-m+fp/hard/crti.o
                0x0800be1c                _init
 .init          0x0800be20        0x8 d:/progra~3/stm32c~1/gcc-ar~1/bin/../lib/gcc/arm-none-eabi/10.3.1/thumb/v7e-m+fp/hard/crtn.o
 *(.fini)
 .fini          0x0800be28        0x4 d:/progra~3/stm32c~1/gcc-ar~1/bin/../lib/gcc/arm-none-eabi/10.3.1/thumb/v7e-m+fp/hard/crti.o
                0x0800be28                _fini
 .fini          0x0800be2c        0x8 d:/progra~3/stm32c~1/gcc-ar~1/bin/../lib/gcc/arm-none-eabi/10.3.1/thumb/v7e-m+fp/hard/crtn.o
                0x0800be34                . = ALIGN (0x4)
                0x0800be34                _etext = .

.vfp11_veneer   0x0800be34        0x0
 .vfp11_veneer  0x0800be34        0x0 linker stubs

.v4_bx          0x0800be34        0x0
 .v4_bx         0x0800be34        0x0 linker stubs

.iplt           0x0800be34        0x0
 .iplt          0x0800be34        0x0 d:/progra~3/stm32c~1/gcc-ar~1/bin/../lib/gcc/arm-none-eabi/10.3.1/thumb/v7e-m+fp/hard/crtbegin.o

.rodata         0x0800be38      0x938
                0x0800be38                . = ALIGN (0x4)
 *(.rodata)
 .rodata        0x0800be38       0x54 CMakeFiles/FirstProject.elf.dir/Core/Src/freertos.c.obj
 *(.rodata*)
 .rodata.asc2_1206
                0x0800be8c      0x474 CMakeFiles/FirstProject.elf.dir/BSP/bsp_oled.c.obj
                0x0800be8c                asc2_1206
 .rodata.str1.4
                0x0800c300       0x26 CMakeFiles/FirstProject.elf.dir/Core/Src/freertos.c.obj
 *fill*         0x0800c326        0x2 
 .rodata.AHBPrescTable
                0x0800c328       0x10 CMakeFiles/FirstProject.elf.dir/Core/Src/system_stm32f4xx.c.obj
                0x0800c328                AHBPrescTable
 .rodata.APBPrescTable
                0x0800c338        0x8 CMakeFiles/FirstProject.elf.dir/Core/Src/system_stm32f4xx.c.obj
                0x0800c338                APBPrescTable
 .rodata.flagBitshiftOffset.0
                0x0800c340        0x8 CMakeFiles/FirstProject.elf.dir/Drivers/STM32F4xx_HAL_Driver/Src/stm32f4xx_hal_dma.c.obj
 .rodata.Oled_Key_Press_Callback.str1.4
                0x0800c348        0x5 CMakeFiles/FirstProject.elf.dir/FreeRTOS-Task/Oled_Task.c.obj
 *fill*         0x0800c34d        0x3 
 .rodata.Oled_Task_Entry.str1.4
                0x0800c350       0x18 CMakeFiles/FirstProject.elf.dir/FreeRTOS-Task/Oled_Task.c.obj
 .rodata.vTaskStartScheduler.str1.4
                0x0800c368        0x5 CMakeFiles/FirstProject.elf.dir/Middlewares/Third_Party/FreeRTOS/Source/tasks.c.obj
 *fill*         0x0800c36d        0x3 
 .rodata._global_impure_ptr
                0x0800c370        0x4 d:/progra~3/stm32c~1/gcc-ar~1/bin/../lib/gcc/arm-none-eabi/10.3.1/../../../../arm-none-eabi/lib/thumb/v7e-m+fp/hard\libg.a(lib_a-impure.o)
                0x0800c370                _global_impure_ptr
 .rodata._svfprintf_r.str1.4
                0x0800c374       0x42 d:/progra~3/stm32c~1/gcc-ar~1/bin/../lib/gcc/arm-none-eabi/10.3.1/../../../../arm-none-eabi/lib/thumb/v7e-m+fp/hard\libg.a(lib_a-svfprintf.o)
 *fill*         0x0800c3b6        0x2 
 .rodata.blanks.1
                0x0800c3b8       0x10 d:/progra~3/stm32c~1/gcc-ar~1/bin/../lib/gcc/arm-none-eabi/10.3.1/../../../../arm-none-eabi/lib/thumb/v7e-m+fp/hard\libg.a(lib_a-svfprintf.o)
 .rodata.zeroes.0
                0x0800c3c8       0x10 d:/progra~3/stm32c~1/gcc-ar~1/bin/../lib/gcc/arm-none-eabi/10.3.1/../../../../arm-none-eabi/lib/thumb/v7e-m+fp/hard\libg.a(lib_a-svfprintf.o)
 .rodata._dtoa_r.str1.4
                0x0800c3d8       0xa2 d:/progra~3/stm32c~1/gcc-ar~1/bin/../lib/gcc/arm-none-eabi/10.3.1/../../../../arm-none-eabi/lib/thumb/v7e-m+fp/hard\libg.a(lib_a-dtoa.o)
                                 0xa6 (size before relaxing)
 *fill*         0x0800c47a        0x2 
 .rodata.__multadd.str1.4
                0x0800c47c       0x7f d:/progra~3/stm32c~1/gcc-ar~1/bin/../lib/gcc/arm-none-eabi/10.3.1/../../../../arm-none-eabi/lib/thumb/v7e-m+fp/hard\libg.a(lib_a-mprec.o)
                                 0x93 (size before relaxing)
 *fill*         0x0800c4fb        0x5 
 .rodata.__mprec_bigtens
                0x0800c500       0x28 d:/progra~3/stm32c~1/gcc-ar~1/bin/../lib/gcc/arm-none-eabi/10.3.1/../../../../arm-none-eabi/lib/thumb/v7e-m+fp/hard\libg.a(lib_a-mprec.o)
                0x0800c500                __mprec_bigtens
 .rodata.__mprec_tens
                0x0800c528       0xc8 d:/progra~3/stm32c~1/gcc-ar~1/bin/../lib/gcc/arm-none-eabi/10.3.1/../../../../arm-none-eabi/lib/thumb/v7e-m+fp/hard\libg.a(lib_a-mprec.o)
                0x0800c528                __mprec_tens
 .rodata.p05.0  0x0800c5f0        0xc d:/progra~3/stm32c~1/gcc-ar~1/bin/../lib/gcc/arm-none-eabi/10.3.1/../../../../arm-none-eabi/lib/thumb/v7e-m+fp/hard\libg.a(lib_a-mprec.o)
 .rodata.__assert_func.str1.4
                0x0800c5fc       0x3f d:/progra~3/stm32c~1/gcc-ar~1/bin/../lib/gcc/arm-none-eabi/10.3.1/../../../../arm-none-eabi/lib/thumb/v7e-m+fp/hard\libg.a(lib_a-assert.o)
                                 0x43 (size before relaxing)
 *fill*         0x0800c63b        0x1 
 .rodata._setlocale_r.str1.4
                0x0800c63c        0xa d:/progra~3/stm32c~1/gcc-ar~1/bin/../lib/gcc/arm-none-eabi/10.3.1/../../../../arm-none-eabi/lib/thumb/v7e-m+fp/hard\libg.a(lib_a-locale.o)
                                  0xd (size before relaxing)
 *fill*         0x0800c646        0x2 
 .rodata.str1.4
                0x0800c648        0x2 d:/progra~3/stm32c~1/gcc-ar~1/bin/../lib/gcc/arm-none-eabi/10.3.1/../../../../arm-none-eabi/lib/thumb/v7e-m+fp/hard\libg.a(lib_a-locale.o)
 .rodata._vfiprintf_r.str1.4
                0x0800c64a       0x2f d:/progra~3/stm32c~1/gcc-ar~1/bin/../lib/gcc/arm-none-eabi/10.3.1/../../../../arm-none-eabi/lib/thumb/v7e-m+fp/hard\libg.a(lib_a-vfiprintf.o)
 *fill*         0x0800c64a        0x2 
 .rodata.blanks.1
                0x0800c64c       0x10 d:/progra~3/stm32c~1/gcc-ar~1/bin/../lib/gcc/arm-none-eabi/10.3.1/../../../../arm-none-eabi/lib/thumb/v7e-m+fp/hard\libg.a(lib_a-vfiprintf.o)
 .rodata.zeroes.0
                0x0800c65c       0x10 d:/progra~3/stm32c~1/gcc-ar~1/bin/../lib/gcc/arm-none-eabi/10.3.1/../../../../arm-none-eabi/lib/thumb/v7e-m+fp/hard\libg.a(lib_a-vfiprintf.o)
 .rodata._ctype_
                0x0800c66c      0x101 d:/progra~3/stm32c~1/gcc-ar~1/bin/../lib/gcc/arm-none-eabi/10.3.1/../../../../arm-none-eabi/lib/thumb/v7e-m+fp/hard\libg.a(lib_a-ctype_.o)
                0x0800c66c                _ctype_
                0x0800c770                . = ALIGN (0x4)
 *fill*         0x0800c76d        0x3 

.ARM.extab
 *(.ARM.extab* .gnu.linkonce.armextab.*)

.ARM            0x0800c770        0x8
                0x0800c770                __exidx_start = .
 *(.ARM.exidx*)
 .ARM.exidx     0x0800c770        0x8 d:/progra~3/stm32c~1/gcc-ar~1/bin/../lib/gcc/arm-none-eabi/10.3.1/thumb/v7e-m+fp/hard\libgcc.a(_udivmoddi4.o)
                0x0800c778                __exidx_end = .

.rel.dyn        0x0800c778        0x0
 .rel.iplt      0x0800c778        0x0 d:/progra~3/stm32c~1/gcc-ar~1/bin/../lib/gcc/arm-none-eabi/10.3.1/thumb/v7e-m+fp/hard/crtbegin.o

.preinit_array  0x0800c778        0x0
                0x0800c778                PROVIDE (__preinit_array_start = .)
 *(.preinit_array*)
                0x0800c778                PROVIDE (__preinit_array_end = .)

.init_array     0x0800c778        0x8
                0x0800c778                PROVIDE (__init_array_start = .)
 *(SORT_BY_NAME(.init_array.*))
 .init_array.00000
                0x0800c778        0x4 d:/progra~3/stm32c~1/gcc-ar~1/bin/../lib/gcc/arm-none-eabi/10.3.1/../../../../arm-none-eabi/lib/thumb/v7e-m+fp/hard\libg.a(lib_a-__call_atexit.o)
 *(.init_array*)
 .init_array    0x0800c77c        0x4 d:/progra~3/stm32c~1/gcc-ar~1/bin/../lib/gcc/arm-none-eabi/10.3.1/thumb/v7e-m+fp/hard/crtbegin.o
                0x0800c780                PROVIDE (__init_array_end = .)

.fini_array     0x0800c780        0x4
                0x0800c780                PROVIDE (__fini_array_start = .)
 *(SORT_BY_NAME(.fini_array.*))
 *(.fini_array*)
 .fini_array    0x0800c780        0x4 d:/progra~3/stm32c~1/gcc-ar~1/bin/../lib/gcc/arm-none-eabi/10.3.1/thumb/v7e-m+fp/hard/crtbegin.o
                0x0800c784                PROVIDE (__fini_array_end = .)
                0x0800c784                _sidata = LOADADDR (.data)

.data           0x20000000      0x9c0 load address 0x0800c784
                0x20000000                . = ALIGN (0x4)
                0x20000000                _sdata = .
 *(.data)
 *(.data*)
 .data.SystemCoreClock
                0x20000000        0x4 CMakeFiles/FirstProject.elf.dir/Core/Src/system_stm32f4xx.c.obj
                0x20000000                SystemCoreClock
 .data.uwTickFreq
                0x20000004        0x1 CMakeFiles/FirstProject.elf.dir/Drivers/STM32F4xx_HAL_Driver/Src/stm32f4xx_hal.c.obj
                0x20000004                uwTickFreq
 *fill*         0x20000005        0x3 
 .data.uwTickPrio
                0x20000008        0x4 CMakeFiles/FirstProject.elf.dir/Drivers/STM32F4xx_HAL_Driver/Src/stm32f4xx_hal.c.obj
                0x20000008                uwTickPrio
 .data.uxCriticalNesting
                0x2000000c        0x4 CMakeFiles/FirstProject.elf.dir/Middlewares/Third_Party/FreeRTOS/Source/portable/GCC/ARM_CM4F/port.c.obj
 .data._impure_ptr
                0x20000010        0x4 d:/progra~3/stm32c~1/gcc-ar~1/bin/../lib/gcc/arm-none-eabi/10.3.1/../../../../arm-none-eabi/lib/thumb/v7e-m+fp/hard\libg.a(lib_a-impure.o)
                0x20000010                _impure_ptr
 *fill*         0x20000014        0x4 
 .data.impure_data
                0x20000018      0x428 d:/progra~3/stm32c~1/gcc-ar~1/bin/../lib/gcc/arm-none-eabi/10.3.1/../../../../arm-none-eabi/lib/thumb/v7e-m+fp/hard\libg.a(lib_a-impure.o)
 .data.__atexit_recursive_mutex
                0x20000440        0x4 d:/progra~3/stm32c~1/gcc-ar~1/bin/../lib/gcc/arm-none-eabi/10.3.1/../../../../arm-none-eabi/lib/thumb/v7e-m+fp/hard\libg.a(lib_a-__call_atexit.o)
                0x20000440                __atexit_recursive_mutex
 .data.__malloc_av_
                0x20000444      0x408 d:/progra~3/stm32c~1/gcc-ar~1/bin/../lib/gcc/arm-none-eabi/10.3.1/../../../../arm-none-eabi/lib/thumb/v7e-m+fp/hard\libg.a(lib_a-mallocr.o)
                0x20000444                __malloc_av_
 .data.__malloc_sbrk_base
                0x2000084c        0x4 d:/progra~3/stm32c~1/gcc-ar~1/bin/../lib/gcc/arm-none-eabi/10.3.1/../../../../arm-none-eabi/lib/thumb/v7e-m+fp/hard\libg.a(lib_a-mallocr.o)
                0x2000084c                __malloc_sbrk_base
 .data.__malloc_trim_threshold
                0x20000850        0x4 d:/progra~3/stm32c~1/gcc-ar~1/bin/../lib/gcc/arm-none-eabi/10.3.1/../../../../arm-none-eabi/lib/thumb/v7e-m+fp/hard\libg.a(lib_a-mallocr.o)
                0x20000850                __malloc_trim_threshold
 .data.__global_locale
                0x20000854      0x16c d:/progra~3/stm32c~1/gcc-ar~1/bin/../lib/gcc/arm-none-eabi/10.3.1/../../../../arm-none-eabi/lib/thumb/v7e-m+fp/hard\libg.a(lib_a-locale.o)
                0x20000854                __global_locale
                0x200009c0                . = ALIGN (0x4)
                0x200009c0                _edata = .
                0x0800d144                _siccmram = LOADADDR (.ccmram)

.igot.plt       0x200009c0        0x0 load address 0x0800d144
 .igot.plt      0x200009c0        0x0 d:/progra~3/stm32c~1/gcc-ar~1/bin/../lib/gcc/arm-none-eabi/10.3.1/thumb/v7e-m+fp/hard/crtbegin.o

.ccmram         0x10000000        0x0 load address 0x0800d144
                0x10000000                . = ALIGN (0x4)
                0x10000000                _sccmram = .
 *(.ccmram)
 *(.ccmram*)
                0x10000000                . = ALIGN (0x4)
                0x10000000                _eccmram = .
                0x10000000                . = ALIGN (0x4)

.bss            0x200009c0     0x4824
                0x200009c0                _sbss = .
                0x200009c0                __bss_start__ = _sbss
 *(.bss)
 .bss           0x200009c0       0x1c d:/progra~3/stm32c~1/gcc-ar~1/bin/../lib/gcc/arm-none-eabi/10.3.1/thumb/v7e-m+fp/hard/crtbegin.o
 *(.bss*)
 .bss.OLED_GRAM
                0x200009dc      0x400 CMakeFiles/FirstProject.elf.dir/BSP/bsp_oled.c.obj
 .bss.hadc1     0x20000ddc       0x48 CMakeFiles/FirstProject.elf.dir/Core/Src/adc.c.obj
                0x20000ddc                hadc1
 .bss.hdma_adc1
                0x20000e24       0x60 CMakeFiles/FirstProject.elf.dir/Core/Src/adc.c.obj
                0x20000e24                hdma_adc1
 .bss.HAL_RCC_CAN1_CLK_ENABLED
                0x20000e84        0x4 CMakeFiles/FirstProject.elf.dir/Core/Src/can.c.obj
 .bss.hcan1     0x20000e88       0x28 CMakeFiles/FirstProject.elf.dir/Core/Src/can.c.obj
                0x20000e88                hcan1
 .bss.hcan2     0x20000eb0       0x28 CMakeFiles/FirstProject.elf.dir/Core/Src/can.c.obj
                0x20000eb0                hcan2
 .bss.DJI_Motor_TaskHandle
                0x20000ed8        0x4 CMakeFiles/FirstProject.elf.dir/Core/Src/freertos.c.obj
                0x20000ed8                DJI_Motor_TaskHandle
 .bss.Oled_TaskHandle
                0x20000edc        0x4 CMakeFiles/FirstProject.elf.dir/Core/Src/freertos.c.obj
                0x20000edc                Oled_TaskHandle
 .bss.defaultTaskHandle
                0x20000ee0        0x4 CMakeFiles/FirstProject.elf.dir/Core/Src/freertos.c.obj
                0x20000ee0                defaultTaskHandle
 .bss.xIdleStack
                0x20000ee4      0x200 CMakeFiles/FirstProject.elf.dir/Core/Src/freertos.c.obj
 .bss.xIdleTaskTCBBuffer
                0x200010e4       0x54 CMakeFiles/FirstProject.elf.dir/Core/Src/freertos.c.obj
 .bss.hspi1     0x20001138       0x58 CMakeFiles/FirstProject.elf.dir/Core/Src/spi.c.obj
                0x20001138                hspi1
 .bss.htim1     0x20001190       0x48 CMakeFiles/FirstProject.elf.dir/Core/Src/stm32f4xx_hal_timebase_tim.c.obj
                0x20001190                htim1
 .bss.heap_end.0
                0x200011d8        0x4 CMakeFiles/FirstProject.elf.dir/Core/Src/syscalls.c.obj
 .bss.htim12    0x200011dc       0x48 CMakeFiles/FirstProject.elf.dir/Core/Src/tim.c.obj
                0x200011dc                htim12
 .bss.htim2     0x20001224       0x48 CMakeFiles/FirstProject.elf.dir/Core/Src/tim.c.obj
                0x20001224                htim2
 .bss.htim5     0x2000126c       0x48 CMakeFiles/FirstProject.elf.dir/Core/Src/tim.c.obj
                0x2000126c                htim5
 .bss.hdma_uart7_rx
                0x200012b4       0x60 CMakeFiles/FirstProject.elf.dir/Core/Src/usart.c.obj
                0x200012b4                hdma_uart7_rx
 .bss.hdma_uart8_rx
                0x20001314       0x60 CMakeFiles/FirstProject.elf.dir/Core/Src/usart.c.obj
                0x20001314                hdma_uart8_rx
 .bss.huart6    0x20001374       0x44 CMakeFiles/FirstProject.elf.dir/Core/Src/usart.c.obj
                0x20001374                huart6
 .bss.huart7    0x200013b8       0x44 CMakeFiles/FirstProject.elf.dir/Core/Src/usart.c.obj
                0x200013b8                huart7
 .bss.huart8    0x200013fc       0x44 CMakeFiles/FirstProject.elf.dir/Core/Src/usart.c.obj
                0x200013fc                huart8
 .bss.uwTick    0x20001440        0x4 CMakeFiles/FirstProject.elf.dir/Drivers/STM32F4xx_HAL_Driver/Src/stm32f4xx_hal.c.obj
                0x20001440                uwTick
 .bss.oled_key_state
                0x20001444        0x1 CMakeFiles/FirstProject.elf.dir/FreeRTOS-Task/Oled_Task.c.obj
                0x20001444                oled_key_state
 *fill*         0x20001445        0x1 
 .bss.oled_value
                0x20001446        0x2 CMakeFiles/FirstProject.elf.dir/FreeRTOS-Task/Oled_Task.c.obj
                0x20001446                oled_value
 .bss.zxy1      0x20001448        0x2 CMakeFiles/FirstProject.elf.dir/FreeRTOS-Task/Oled_Task.c.obj
                0x20001448                zxy1
 .bss.ucMaxSysCallPriority
                0x2000144a        0x1 CMakeFiles/FirstProject.elf.dir/Middlewares/Third_Party/FreeRTOS/Source/portable/GCC/ARM_CM4F/port.c.obj
 *fill*         0x2000144b        0x1 
 .bss.ulMaxPRIGROUPValue
                0x2000144c        0x4 CMakeFiles/FirstProject.elf.dir/Middlewares/Third_Party/FreeRTOS/Source/portable/GCC/ARM_CM4F/port.c.obj
 .bss.pxEnd     0x20001450        0x4 CMakeFiles/FirstProject.elf.dir/Middlewares/Third_Party/FreeRTOS/Source/portable/MemMang/heap_4.c.obj
 .bss.ucHeap    0x20001454     0x3c00 CMakeFiles/FirstProject.elf.dir/Middlewares/Third_Party/FreeRTOS/Source/portable/MemMang/heap_4.c.obj
 .bss.xBlockAllocatedBit
                0x20005054        0x4 CMakeFiles/FirstProject.elf.dir/Middlewares/Third_Party/FreeRTOS/Source/portable/MemMang/heap_4.c.obj
 .bss.xFreeBytesRemaining
                0x20005058        0x4 CMakeFiles/FirstProject.elf.dir/Middlewares/Third_Party/FreeRTOS/Source/portable/MemMang/heap_4.c.obj
 .bss.xMinimumEverFreeBytesRemaining
                0x2000505c        0x4 CMakeFiles/FirstProject.elf.dir/Middlewares/Third_Party/FreeRTOS/Source/portable/MemMang/heap_4.c.obj
 .bss.xNumberOfSuccessfulAllocations
                0x20005060        0x4 CMakeFiles/FirstProject.elf.dir/Middlewares/Third_Party/FreeRTOS/Source/portable/MemMang/heap_4.c.obj
 .bss.xNumberOfSuccessfulFrees
                0x20005064        0x4 CMakeFiles/FirstProject.elf.dir/Middlewares/Third_Party/FreeRTOS/Source/portable/MemMang/heap_4.c.obj
 .bss.xStart    0x20005068        0x8 CMakeFiles/FirstProject.elf.dir/Middlewares/Third_Party/FreeRTOS/Source/portable/MemMang/heap_4.c.obj
 .bss.pxCurrentTCB
                0x20005070        0x4 CMakeFiles/FirstProject.elf.dir/Middlewares/Third_Party/FreeRTOS/Source/tasks.c.obj
                0x20005070                pxCurrentTCB
 .bss.pxDelayedTaskList
                0x20005074        0x4 CMakeFiles/FirstProject.elf.dir/Middlewares/Third_Party/FreeRTOS/Source/tasks.c.obj
 .bss.pxOverflowDelayedTaskList
                0x20005078        0x4 CMakeFiles/FirstProject.elf.dir/Middlewares/Third_Party/FreeRTOS/Source/tasks.c.obj
 .bss.pxReadyTasksLists
                0x2000507c       0x8c CMakeFiles/FirstProject.elf.dir/Middlewares/Third_Party/FreeRTOS/Source/tasks.c.obj
 .bss.uxCurrentNumberOfTasks
                0x20005108        0x4 CMakeFiles/FirstProject.elf.dir/Middlewares/Third_Party/FreeRTOS/Source/tasks.c.obj
 .bss.uxDeletedTasksWaitingCleanUp
                0x2000510c        0x4 CMakeFiles/FirstProject.elf.dir/Middlewares/Third_Party/FreeRTOS/Source/tasks.c.obj
 .bss.uxSchedulerSuspended
                0x20005110        0x4 CMakeFiles/FirstProject.elf.dir/Middlewares/Third_Party/FreeRTOS/Source/tasks.c.obj
 .bss.uxTaskNumber
                0x20005114        0x4 CMakeFiles/FirstProject.elf.dir/Middlewares/Third_Party/FreeRTOS/Source/tasks.c.obj
 .bss.uxTopReadyPriority
                0x20005118        0x4 CMakeFiles/FirstProject.elf.dir/Middlewares/Third_Party/FreeRTOS/Source/tasks.c.obj
 .bss.xDelayedTaskList1
                0x2000511c       0x14 CMakeFiles/FirstProject.elf.dir/Middlewares/Third_Party/FreeRTOS/Source/tasks.c.obj
 .bss.xDelayedTaskList2
                0x20005130       0x14 CMakeFiles/FirstProject.elf.dir/Middlewares/Third_Party/FreeRTOS/Source/tasks.c.obj
 .bss.xIdleTaskHandle
                0x20005144        0x4 CMakeFiles/FirstProject.elf.dir/Middlewares/Third_Party/FreeRTOS/Source/tasks.c.obj
 .bss.xNextTaskUnblockTime
                0x20005148        0x4 CMakeFiles/FirstProject.elf.dir/Middlewares/Third_Party/FreeRTOS/Source/tasks.c.obj
 .bss.xNumOfOverflows
                0x2000514c        0x4 CMakeFiles/FirstProject.elf.dir/Middlewares/Third_Party/FreeRTOS/Source/tasks.c.obj
 .bss.xPendedTicks
                0x20005150        0x4 CMakeFiles/FirstProject.elf.dir/Middlewares/Third_Party/FreeRTOS/Source/tasks.c.obj
 .bss.xPendingReadyList
                0x20005154       0x14 CMakeFiles/FirstProject.elf.dir/Middlewares/Third_Party/FreeRTOS/Source/tasks.c.obj
 .bss.xSchedulerRunning
                0x20005168        0x4 CMakeFiles/FirstProject.elf.dir/Middlewares/Third_Party/FreeRTOS/Source/tasks.c.obj
 .bss.xSuspendedTaskList
                0x2000516c       0x14 CMakeFiles/FirstProject.elf.dir/Middlewares/Third_Party/FreeRTOS/Source/tasks.c.obj
 .bss.xTasksWaitingTermination
                0x20005180       0x14 CMakeFiles/FirstProject.elf.dir/Middlewares/Third_Party/FreeRTOS/Source/tasks.c.obj
 .bss.xTickCount
                0x20005194        0x4 CMakeFiles/FirstProject.elf.dir/Middlewares/Third_Party/FreeRTOS/Source/tasks.c.obj
 .bss.xYieldPending
                0x20005198        0x4 CMakeFiles/FirstProject.elf.dir/Middlewares/Third_Party/FreeRTOS/Source/tasks.c.obj
 .bss.__lock___atexit_recursive_mutex
                0x2000519c        0x1 d:/progra~3/stm32c~1/gcc-ar~1/bin/../lib/gcc/arm-none-eabi/10.3.1/../../../../arm-none-eabi/lib/thumb/v7e-m+fp/hard\libg.a(lib_a-lock.o)
                0x2000519c                __lock___atexit_recursive_mutex
 *fill*         0x2000519d        0x3 
 .bss.__lock___malloc_recursive_mutex
                0x200051a0        0x1 d:/progra~3/stm32c~1/gcc-ar~1/bin/../lib/gcc/arm-none-eabi/10.3.1/../../../../arm-none-eabi/lib/thumb/v7e-m+fp/hard\libg.a(lib_a-lock.o)
                0x200051a0                __lock___malloc_recursive_mutex
 *fill*         0x200051a1        0x3 
 .bss.__lock___sfp_recursive_mutex
                0x200051a4        0x1 d:/progra~3/stm32c~1/gcc-ar~1/bin/../lib/gcc/arm-none-eabi/10.3.1/../../../../arm-none-eabi/lib/thumb/v7e-m+fp/hard\libg.a(lib_a-lock.o)
                0x200051a4                __lock___sfp_recursive_mutex
 *fill*         0x200051a5        0x3 
 .bss.__lock___sinit_recursive_mutex
                0x200051a8        0x1 d:/progra~3/stm32c~1/gcc-ar~1/bin/../lib/gcc/arm-none-eabi/10.3.1/../../../../arm-none-eabi/lib/thumb/v7e-m+fp/hard\libg.a(lib_a-lock.o)
                0x200051a8                __lock___sinit_recursive_mutex
 *fill*         0x200051a9        0x3 
 .bss.__malloc_current_mallinfo
                0x200051ac       0x28 d:/progra~3/stm32c~1/gcc-ar~1/bin/../lib/gcc/arm-none-eabi/10.3.1/../../../../arm-none-eabi/lib/thumb/v7e-m+fp/hard\libg.a(lib_a-mallocr.o)
                0x200051ac                __malloc_current_mallinfo
 .bss.__malloc_max_sbrked_mem
                0x200051d4        0x4 d:/progra~3/stm32c~1/gcc-ar~1/bin/../lib/gcc/arm-none-eabi/10.3.1/../../../../arm-none-eabi/lib/thumb/v7e-m+fp/hard\libg.a(lib_a-mallocr.o)
                0x200051d4                __malloc_max_sbrked_mem
 .bss.__malloc_max_total_mem
                0x200051d8        0x4 d:/progra~3/stm32c~1/gcc-ar~1/bin/../lib/gcc/arm-none-eabi/10.3.1/../../../../arm-none-eabi/lib/thumb/v7e-m+fp/hard\libg.a(lib_a-mallocr.o)
                0x200051d8                __malloc_max_total_mem
 .bss.__malloc_top_pad
                0x200051dc        0x4 d:/progra~3/stm32c~1/gcc-ar~1/bin/../lib/gcc/arm-none-eabi/10.3.1/../../../../arm-none-eabi/lib/thumb/v7e-m+fp/hard\libg.a(lib_a-mallocr.o)
                0x200051dc                __malloc_top_pad
 .bss.errno     0x200051e0        0x4 d:/progra~3/stm32c~1/gcc-ar~1/bin/../lib/gcc/arm-none-eabi/10.3.1/../../../../arm-none-eabi/lib/thumb/v7e-m+fp/hard\libg.a(lib_a-reent.o)
                0x200051e0                errno
 *(COMMON)
                0x200051e4                . = ALIGN (0x4)
                0x200051e4                _ebss = .
                0x200051e4                __bss_end__ = _ebss

._user_heap_stack
                0x200051e4      0x604
                0x200051e8                . = ALIGN (0x8)
 *fill*         0x200051e4        0x4 
                0x200051e8                PROVIDE (end = .)
                [!provide]                PROVIDE (_end = .)
                0x200053e8                . = (. + _Min_Heap_Size)
 *fill*         0x200051e8      0x200 
                0x200057e8                . = (. + _Min_Stack_Size)
 *fill*         0x200053e8      0x400 
                0x200057e8                . = ALIGN (0x8)

/DISCARD/
 libc.a(*)
 libm.a(*)
 libgcc.a(*)

.ARM.attributes
                0x00000000       0x30
 *(.ARM.attributes)
 .ARM.attributes